Archive member included to satisfy reference by file (symbol)

O:/STM32CubeIDE_1.13.2/STM32CubeIDE/plugins/com.st.stm32cube.ide.mcu.externaltools.gnu-tools-for-stm32.11.3.rel1.win32_1.1.1.202309131626/tools/bin/../lib/gcc/arm-none-eabi/11.3.1/../../../../arm-none-eabi/lib/thumb/v7e-m+fp/hard\libc_nano.a(libc_a-exit.o)
                              O:/STM32CubeIDE_1.13.2/STM32CubeIDE/plugins/com.st.stm32cube.ide.mcu.externaltools.gnu-tools-for-stm32.11.3.rel1.win32_1.1.1.202309131626/tools/bin/../lib/gcc/arm-none-eabi/11.3.1/../../../../arm-none-eabi/lib/thumb/v7e-m+fp/hard/crt0.o (exit)
O:/STM32CubeIDE_1.13.2/STM32CubeIDE/plugins/com.st.stm32cube.ide.mcu.externaltools.gnu-tools-for-stm32.11.3.rel1.win32_1.1.1.202309131626/tools/bin/../lib/gcc/arm-none-eabi/11.3.1/../../../../arm-none-eabi/lib/thumb/v7e-m+fp/hard\libc_nano.a(libc_a-findfp.o)
                              O:/STM32CubeIDE_1.13.2/STM32CubeIDE/plugins/com.st.stm32cube.ide.mcu.externaltools.gnu-tools-for-stm32.11.3.rel1.win32_1.1.1.202309131626/tools/bin/../lib/gcc/arm-none-eabi/11.3.1/../../../../arm-none-eabi/lib/thumb/v7e-m+fp/hard\libc_nano.a(libc_a-exit.o) (__stdio_exit_handler)
O:/STM32CubeIDE_1.13.2/STM32CubeIDE/plugins/com.st.stm32cube.ide.mcu.externaltools.gnu-tools-for-stm32.11.3.rel1.win32_1.1.1.202309131626/tools/bin/../lib/gcc/arm-none-eabi/11.3.1/../../../../arm-none-eabi/lib/thumb/v7e-m+fp/hard\libc_nano.a(libc_a-fwalk.o)
                              O:/STM32CubeIDE_1.13.2/STM32CubeIDE/plugins/com.st.stm32cube.ide.mcu.externaltools.gnu-tools-for-stm32.11.3.rel1.win32_1.1.1.202309131626/tools/bin/../lib/gcc/arm-none-eabi/11.3.1/../../../../arm-none-eabi/lib/thumb/v7e-m+fp/hard\libc_nano.a(libc_a-findfp.o) (_fwalk_sglue)
O:/STM32CubeIDE_1.13.2/STM32CubeIDE/plugins/com.st.stm32cube.ide.mcu.externaltools.gnu-tools-for-stm32.11.3.rel1.win32_1.1.1.202309131626/tools/bin/../lib/gcc/arm-none-eabi/11.3.1/../../../../arm-none-eabi/lib/thumb/v7e-m+fp/hard\libc_nano.a(libc_a-puts.o)
                              ./Core/Src/main.o (puts)
O:/STM32CubeIDE_1.13.2/STM32CubeIDE/plugins/com.st.stm32cube.ide.mcu.externaltools.gnu-tools-for-stm32.11.3.rel1.win32_1.1.1.202309131626/tools/bin/../lib/gcc/arm-none-eabi/11.3.1/../../../../arm-none-eabi/lib/thumb/v7e-m+fp/hard\libc_nano.a(libc_a-stdio.o)
                              O:/STM32CubeIDE_1.13.2/STM32CubeIDE/plugins/com.st.stm32cube.ide.mcu.externaltools.gnu-tools-for-stm32.11.3.rel1.win32_1.1.1.202309131626/tools/bin/../lib/gcc/arm-none-eabi/11.3.1/../../../../arm-none-eabi/lib/thumb/v7e-m+fp/hard\libc_nano.a(libc_a-findfp.o) (__sread)
O:/STM32CubeIDE_1.13.2/STM32CubeIDE/plugins/com.st.stm32cube.ide.mcu.externaltools.gnu-tools-for-stm32.11.3.rel1.win32_1.1.1.202309131626/tools/bin/../lib/gcc/arm-none-eabi/11.3.1/../../../../arm-none-eabi/lib/thumb/v7e-m+fp/hard\libc_nano.a(libc_a-wbuf.o)
                              O:/STM32CubeIDE_1.13.2/STM32CubeIDE/plugins/com.st.stm32cube.ide.mcu.externaltools.gnu-tools-for-stm32.11.3.rel1.win32_1.1.1.202309131626/tools/bin/../lib/gcc/arm-none-eabi/11.3.1/../../../../arm-none-eabi/lib/thumb/v7e-m+fp/hard\libc_nano.a(libc_a-puts.o) (__swbuf_r)
O:/STM32CubeIDE_1.13.2/STM32CubeIDE/plugins/com.st.stm32cube.ide.mcu.externaltools.gnu-tools-for-stm32.11.3.rel1.win32_1.1.1.202309131626/tools/bin/../lib/gcc/arm-none-eabi/11.3.1/../../../../arm-none-eabi/lib/thumb/v7e-m+fp/hard\libc_nano.a(libc_a-wsetup.o)
                              O:/STM32CubeIDE_1.13.2/STM32CubeIDE/plugins/com.st.stm32cube.ide.mcu.externaltools.gnu-tools-for-stm32.11.3.rel1.win32_1.1.1.202309131626/tools/bin/../lib/gcc/arm-none-eabi/11.3.1/../../../../arm-none-eabi/lib/thumb/v7e-m+fp/hard\libc_nano.a(libc_a-puts.o) (__swsetup_r)
O:/STM32CubeIDE_1.13.2/STM32CubeIDE/plugins/com.st.stm32cube.ide.mcu.externaltools.gnu-tools-for-stm32.11.3.rel1.win32_1.1.1.202309131626/tools/bin/../lib/gcc/arm-none-eabi/11.3.1/../../../../arm-none-eabi/lib/thumb/v7e-m+fp/hard\libc_nano.a(libc_a-memset.o)
                              O:/STM32CubeIDE_1.13.2/STM32CubeIDE/plugins/com.st.stm32cube.ide.mcu.externaltools.gnu-tools-for-stm32.11.3.rel1.win32_1.1.1.202309131626/tools/bin/../lib/gcc/arm-none-eabi/11.3.1/../../../../arm-none-eabi/lib/thumb/v7e-m+fp/hard/crt0.o (memset)
O:/STM32CubeIDE_1.13.2/STM32CubeIDE/plugins/com.st.stm32cube.ide.mcu.externaltools.gnu-tools-for-stm32.11.3.rel1.win32_1.1.1.202309131626/tools/bin/../lib/gcc/arm-none-eabi/11.3.1/../../../../arm-none-eabi/lib/thumb/v7e-m+fp/hard\libc_nano.a(libc_a-closer.o)
                              O:/STM32CubeIDE_1.13.2/STM32CubeIDE/plugins/com.st.stm32cube.ide.mcu.externaltools.gnu-tools-for-stm32.11.3.rel1.win32_1.1.1.202309131626/tools/bin/../lib/gcc/arm-none-eabi/11.3.1/../../../../arm-none-eabi/lib/thumb/v7e-m+fp/hard\libc_nano.a(libc_a-stdio.o) (_close_r)
[...]
Memory Configuration

Name             Origin             Length             Attributes
RAM              0x0000000020000000 0x0000000000020000 xrw
FLASH            0x0000000008000000 0x0000000000080000 xr
*default*        0x0000000000000000 0xffffffffffffffff

Linker script and memory map

LOAD O:/STM32CubeIDE_1.13.2/STM32CubeIDE/plugins/com.st.stm32cube.ide.mcu.externaltools.gnu-tools-for-stm32.11.3.rel1.win32_1.1.1.202309131626/tools/bin/../lib/gcc/arm-none-eabi/11.3.1/thumb/v7e-m+fp/hard/crti.o
LOAD O:/STM32CubeIDE_1.13.2/STM32CubeIDE/plugins/com.st.stm32cube.ide.mcu.externaltools.gnu-tools-for-stm32.11.3.rel1.win32_1.1.1.202309131626/tools/bin/../lib/gcc/arm-none-eabi/11.3.1/thumb/v7e-m+fp/hard/crtbegin.o
LOAD O:/STM32CubeIDE_1.13.2/STM32CubeIDE/plugins/com.st.stm32cube.ide.mcu.externaltools.gnu-tools-for-stm32.11.3.rel1.win32_1.1.1.202309131626/tools/bin/../lib/gcc/arm-none-eabi/11.3.1/../../../../arm-none-eabi/lib/thumb/v7e-m+fp/hard/crt0.o
LOAD ./Core/Src/main.o
LOAD ./Core/Src/stm32f4xx_hal_msp.o
LOAD ./Core/Src/stm32f4xx_hal_timebase_tim.o
LOAD ./Core/Src/stm32f4xx_it.o
LOAD ./Core/Src/syscalls.o
LOAD ./Core/Src/system_stm32f4xx.o
LOAD ./Core/Startup/startup_stm32f411vetx.o
LOAD ./Drivers/STM32F4xx_HAL_Driver/Src/stm32f4xx_hal.o
LOAD ./Drivers/STM32F4xx_HAL_Driver/Src/stm32f4xx_hal_cortex.o
LOAD ./Drivers/STM32F4xx_HAL_Driver/Src/stm32f4xx_hal_dma.o
LOAD ./Drivers/STM32F4xx_HAL_Driver/Src/stm32f4xx_hal_dma_ex.o
LOAD ./Drivers/STM32F4xx_HAL_Driver/Src/stm32f4xx_hal_exti.o
LOAD ./Drivers/STM32F4xx_HAL_Driver/Src/stm32f4xx_hal_flash.o
LOAD ./Drivers/STM32F4xx_HAL_Driver/Src/stm32f4xx_hal_flash_ex.o
LOAD ./Drivers/STM32F4xx_HAL_Driver/Src/stm32f4xx_hal_flash_ramfunc.o
LOAD ./Drivers/STM32F4xx_HAL_Driver/Src/stm32f4xx_hal_gpio.o
LOAD ./Drivers/STM32F4xx_HAL_Driver/Src/stm32f4xx_hal_pwr.o
LOAD ./Drivers/STM32F4xx_HAL_Driver/Src/stm32f4xx_hal_pwr_ex.o
LOAD ./Drivers/STM32F4xx_HAL_Driver/Src/stm32f4xx_hal_rcc.o
LOAD ./Drivers/STM32F4xx_HAL_Driver/Src/stm32f4xx_hal_rcc_ex.o
LOAD ./Drivers/STM32F4xx_HAL_Driver/Src/stm32f4xx_hal_tim.o
LOAD ./Drivers/STM32F4xx_HAL_Driver/Src/stm32f4xx_hal_tim_ex.o
LOAD ./ThirdParty/FreeRTOS/croutine.o
LOAD ./ThirdParty/FreeRTOS/event_groups.o
LOAD ./ThirdParty/FreeRTOS/list.o
LOAD ./ThirdParty/FreeRTOS/queue.o
LOAD ./ThirdParty/FreeRTOS/stream_buffer.o
LOAD ./ThirdParty/FreeRTOS/tasks.o
LOAD ./ThirdParty/FreeRTOS/timers.o
LOAD ./ThirdParty/FreeRTOS/portable/GCC/ARM_CM4F/port.o
LOAD ./ThirdParty/FreeRTOS/portable/MemMang/heap_4.o
START GROUP
LOAD O:/STM32CubeIDE_1.13.2/STM32CubeIDE/plugins/com.st.stm32cube.ide.mcu.externaltools.gnu-tools-for-stm32.11.3.rel1.win32_1.1.1.202309131626/tools/bin/../lib/gcc/arm-none-eabi/11.3.1/../../../../arm-none-eabi/lib/thumb/v7e-m+fp/hard\libc_nano.a
LOAD O:/STM32CubeIDE_1.13.2/STM32CubeIDE/plugins/com.st.stm32cube.ide.mcu.externaltools.gnu-tools-for-stm32.11.3.rel1.win32_1.1.1.202309131626/tools/bin/../lib/gcc/arm-none-eabi/11.3.1/../../../../arm-none-eabi/lib/thumb/v7e-m+fp/hard\libm.a
END GROUP
START GROUP
LOAD O:/STM32CubeIDE_1.13.2/STM32CubeIDE/plugins/com.st.stm32cube.ide.mcu.externaltools.gnu-tools-for-stm32.11.3.rel1.win32_1.1.1.202309131626/tools/bin/../lib/gcc/arm-none-eabi/11.3.1/thumb/v7e-m+fp/hard\libgcc.a
LOAD O:/STM32CubeIDE_1.13.2/STM32CubeIDE/plugins/com.st.stm32cube.ide.mcu.externaltools.gnu-tools-for-stm32.11.3.rel1.win32_1.1.1.202309131626/tools/bin/../lib/gcc/arm-none-eabi/11.3.1/../../../../arm-none-eabi/lib/thumb/v7e-m+fp/hard\libc_nano.a
END GROUP
START GROUP
LOAD O:/STM32CubeIDE_1.13.2/STM32CubeIDE/plugins/com.st.stm32cube.ide.mcu.externaltools.gnu-tools-for-stm32.11.3.rel1.win32_1.1.1.202309131626/tools/bin/../lib/gcc/arm-none-eabi/11.3.1/thumb/v7e-m+fp/hard\libgcc.a
LOAD O:/STM32CubeIDE_1.13.2/STM32CubeIDE/plugins/com.st.stm32cube.ide.mcu.externaltools.gnu-tools-for-stm32.11.3.rel1.win32_1.1.1.202309131626/tools/bin/../lib/gcc/arm-none-eabi/11.3.1/../../../../arm-none-eabi/lib/thumb/v7e-m+fp/hard\libc_nano.a
LOAD O:/STM32CubeIDE_1.13.2/STM32CubeIDE/plugins/com.st.stm32cube.ide.mcu.externaltools.gnu-tools-for-stm32.11.3.rel1.win32_1.1.1.202309131626/tools/bin/../lib/gcc/arm-none-eabi/11.3.1/../../../../arm-none-eabi/lib/thumb/v7e-m+fp/hard\libnosys.a
END GROUP
START GROUP
LOAD O:/STM32CubeIDE_1.13.2/STM32CubeIDE/plugins/com.st.stm32cube.ide.mcu.externaltools.gnu-tools-for-stm32.11.3.rel1.win32_1.1.1.202309131626/tools/bin/../lib/gcc/arm-none-eabi/11.3.1/thumb/v7e-m+fp/hard\libgcc.a
LOAD O:/STM32CubeIDE_1.13.2/STM32CubeIDE/plugins/com.st.stm32cube.ide.mcu.externaltools.gnu-tools-for-stm32.11.3.rel1.win32_1.1.1.202309131626/tools/bin/../lib/gcc/arm-none-eabi/11.3.1/../../../../arm-none-eabi/lib/thumb/v7e-m+fp/hard\libc_nano.a
LOAD O:/STM32CubeIDE_1.13.2/STM32CubeIDE/plugins/com.st.stm32cube.ide.mcu.externaltools.gnu-tools-for-stm32.11.3.rel1.win32_1.1.1.202309131626/tools/bin/../lib/gcc/arm-none-eabi/11.3.1/../../../../arm-none-eabi/lib/thumb/v7e-m+fp/hard\libnosys.a
END GROUP
LOAD O:/STM32CubeIDE_1.13.2/STM32CubeIDE/plugins/com.st.stm32cube.ide.mcu.externaltools.gnu-tools-for-stm32.11.3.rel1.win32_1.1.1.202309131626/tools/bin/../lib/gcc/arm-none-eabi/11.3.1/thumb/v7e-m+fp/hard/crtend.o
LOAD O:/STM32CubeIDE_1.13.2/STM32CubeIDE/plugins/com.st.stm32cube.ide.mcu.externaltools.gnu-tools-for-stm32.11.3.rel1.win32_1.1.1.202309131626/tools/bin/../lib/gcc/arm-none-eabi/11.3.1/thumb/v7e-m+fp/hard/crtn.o
                0x0000000020020000                _estack = (ORIGIN (RAM) + LENGTH (RAM))
                0x0000000000000200                _Min_Heap_Size = 0x200
                0x0000000000000400                _Min_Stack_Size = 0x400

.isr_vector     0x0000000008000000      0x198
                0x0000000008000000                . = ALIGN (0x4)
 *(.isr_vector)
 .isr_vector    0x0000000008000000      0x198 ./Core/Startup/startup_stm32f411vetx.o
                0x0000000008000000                g_pfnVectors
                0x0000000008000198                . = ALIGN (0x4)

.text           0x00000000080001a0     0x43c0
                0x00000000080001a0                . = ALIGN (0x4)
 *(.text)
 .text          0x00000000080001a0       0x40 O:/STM32CubeIDE_1.13.2/STM32CubeIDE/plugins/com.st.stm32cube.ide.mcu.externaltools.gnu-tools-for-stm32.11.3.rel1.win32_1.1.1.202309131626/tools/bin/../lib/gcc/arm-none-eabi/11.3.1/thumb/v7e-m+fp/hard/crtbegin.o
 .text          0x00000000080001e0       0x30 O:/STM32CubeIDE_1.13.2/STM32CubeIDE/plugins/com.st.stm32cube.ide.mcu.externaltools.gnu-tools-for-stm32.11.3.rel1.win32_1.1.1.202309131626/tools/bin/../lib/gcc/arm-none-eabi/11.3.1/thumb/v7e-m+fp/hard\libgcc.a(_aeabi_uldivmod.o)
                0x00000000080001e0                __aeabi_uldivmod
 .text          0x0000000008000210      0x2c8 O:/STM32CubeIDE_1.13.2/STM32CubeIDE/plugins/com.st.stm32cube.ide.mcu.externaltools.gnu-tools-for-stm32.11.3.rel1.win32_1.1.1.202309131626/tools/bin/../lib/gcc/arm-none-eabi/11.3.1/thumb/v7e-m+fp/hard\libgcc.a(_udivmoddi4.o)
                0x0000000008000210                __udivmoddi4
 .text          0x00000000080004d8        0x4 O:/STM32CubeIDE_1.13.2/STM32CubeIDE/plugins/com.st.stm32cube.ide.mcu.externaltools.gnu-tools-for-stm32.11.3.rel1.win32_1.1.1.202309131626/tools/bin/../lib/gcc/arm-none-eabi/11.3.1/thumb/v7e-m+fp/hard\libgcc.a(_dvmd_tls.o)
                0x00000000080004d8                __aeabi_idiv0
                0x00000000080004d8                __aeabi_ldiv0
 *(.text*)
 .text.main     0x00000000080004dc       0x98 ./Core/Src/main.o
                0x00000000080004dc                main
 .text.SystemClock_Config
                0x0000000008000574       0xbc ./Core/Src/main.o
                0x0000000008000574                SystemClock_Config
 .text.MX_GPIO_Init
                0x0000000008000630       0x34 ./Core/Src/main.o
 .text.task1_handler
                0x0000000008000664       0x10 ./Core/Src/main.o
 .text.task2_handler
                0x0000000008000674       0x10 ./Core/Src/main.o
 .text.HAL_TIM_PeriodElapsedCallback
                0x0000000008000684       0x24 ./Core/Src/main.o
                0x0000000008000684                HAL_TIM_PeriodElapsedCallback
 .text.Error_Handler
                0x00000000080006a8        0xa ./Core/Src/main.o
                0x00000000080006a8                Error_Handler
 *fill*         0x00000000080006b2        0x2 
 .text.HAL_MspInit
                0x00000000080006b4       0x50 ./Core/Src/stm32f4xx_hal_msp.o
                0x00000000080006b4                HAL_MspInit
 .text.HAL_InitTick
                0x0000000008000704       0xe4 ./Core/Src/stm32f4xx_hal_timebase_tim.o
                0x0000000008000704                HAL_InitTick
 .text.NMI_Handler
                0x00000000080007e8        0x6 ./Core/Src/stm32f4xx_it.o
                0x00000000080007e8                NMI_Handler
 .text.HardFault_Handler
                0x00000000080007ee        0x6 ./Core/Src/stm32f4xx_it.o
                0x00000000080007ee                HardFault_Handler
 .text.MemManage_Handler
                0x00000000080007f4        0x6 ./Core/Src/stm32f4xx_it.o
                0x00000000080007f4                MemManage_Handler
 .text.BusFault_Handler
                0x00000000080007fa        0x6 ./Core/Src/stm32f4xx_it.o
                0x00000000080007fa                BusFault_Handler
 .text.UsageFault_Handler
                0x0000000008000800        0x6 ./Core/Src/stm32f4xx_it.o
                0x0000000008000800                UsageFault_Handler
 .text.DebugMon_Handler
                0x0000000008000806        0xe ./Core/Src/stm32f4xx_it.o
                0x0000000008000806                DebugMon_Handler
 .text.TIM1_UP_TIM10_IRQHandler
                0x0000000008000814       0x14 ./Core/Src/stm32f4xx_it.o
                0x0000000008000814                TIM1_UP_TIM10_IRQHandler
 .text.ITM_SendChar
                0x0000000008000828       0x50 ./Core/Src/syscalls.o
                0x0000000008000828                ITM_SendChar
 .text._read    0x0000000008000878       0x3a ./Core/Src/syscalls.o
                0x0000000008000878                _read
 .text._write   0x00000000080008b2       0x38 ./Core/Src/syscalls.o
                0x00000000080008b2                _write
 .text._close   0x00000000080008ea       0x18 ./Core/Src/syscalls.o
                0x00000000080008ea                _close
 .text._fstat   0x0000000008000902       0x20 ./Core/Src/syscalls.o
                0x0000000008000902                _fstat
 .text._isatty  0x0000000008000922       0x16 ./Core/Src/syscalls.o
                0x0000000008000922                _isatty
 .text._lseek   0x0000000008000938       0x1a ./Core/Src/syscalls.o
                0x0000000008000938                _lseek
 *fill*         0x0000000008000952        0x2 
 .text.SystemInit
                0x0000000008000954       0x24 ./Core/Src/system_stm32f4xx.o
                0x0000000008000954                SystemInit
 .text.Reset_Handler
                0x0000000008000978       0x50 ./Core/Startup/startup_stm32f411vetx.o
                0x0000000008000978                Reset_Handler
 .text.Default_Handler
                0x00000000080009c8        0x2 ./Core/Startup/startup_stm32f411vetx.o
                0x00000000080009c8                RTC_Alarm_IRQHandler
                0x00000000080009c8                EXTI2_IRQHandler
                0x00000000080009c8                SPI4_IRQHandler
                0x00000000080009c8                TIM1_CC_IRQHandler
                0x00000000080009c8                DMA2_Stream5_IRQHandler
                0x00000000080009c8                DMA1_Stream5_IRQHandler
                0x00000000080009c8                PVD_IRQHandler
                0x00000000080009c8                SDIO_IRQHandler
                0x00000000080009c8                TAMP_STAMP_IRQHandler
                0x00000000080009c8                EXTI3_IRQHandler
                0x00000000080009c8                I2C3_ER_IRQHandler
                0x00000000080009c8                EXTI0_IRQHandler
                0x00000000080009c8                I2C2_EV_IRQHandler
                0x00000000080009c8                DMA1_Stream2_IRQHandler
                0x00000000080009c8                FPU_IRQHandler
                0x00000000080009c8                DMA2_Stream2_IRQHandler
                0x00000000080009c8                SPI1_IRQHandler
                0x00000000080009c8                TIM1_BRK_TIM9_IRQHandler
                0x00000000080009c8                DMA2_Stream3_IRQHandler
                0x00000000080009c8                USART6_IRQHandler
                0x00000000080009c8                DMA2_Stream0_IRQHandler
                0x00000000080009c8                TIM4_IRQHandler
                0x00000000080009c8                I2C1_EV_IRQHandler
                0x00000000080009c8                DMA1_Stream6_IRQHandler
                0x00000000080009c8                DMA1_Stream1_IRQHandler
                0x00000000080009c8                TIM3_IRQHandler
                0x00000000080009c8                RCC_IRQHandler
                0x00000000080009c8                Default_Handler
                0x00000000080009c8                EXTI15_10_IRQHandler
                0x00000000080009c8                ADC_IRQHandler
                0x00000000080009c8                DMA1_Stream7_IRQHandler
                0x00000000080009c8                SPI5_IRQHandler
                0x00000000080009c8                TIM5_IRQHandler
                0x00000000080009c8                DMA2_Stream7_IRQHandler
                0x00000000080009c8                I2C3_EV_IRQHandler
                0x00000000080009c8                EXTI9_5_IRQHandler
                0x00000000080009c8                RTC_WKUP_IRQHandler
                0x00000000080009c8                SPI2_IRQHandler
                0x00000000080009c8                DMA1_Stream0_IRQHandler
                0x00000000080009c8                EXTI4_IRQHandler
                0x00000000080009c8                WWDG_IRQHandler
                0x00000000080009c8                TIM2_IRQHandler
                0x00000000080009c8                OTG_FS_WKUP_IRQHandler
                0x00000000080009c8                TIM1_TRG_COM_TIM11_IRQHandler
                0x00000000080009c8                EXTI1_IRQHandler
                0x00000000080009c8                USART2_IRQHandler
                0x00000000080009c8                I2C2_ER_IRQHandler
                0x00000000080009c8                DMA2_Stream1_IRQHandler
                0x00000000080009c8                FLASH_IRQHandler
                0x00000000080009c8                DMA2_Stream4_IRQHandler
                0x00000000080009c8                USART1_IRQHandler
                0x00000000080009c8                OTG_FS_IRQHandler
                0x00000000080009c8                SPI3_IRQHandler
                0x00000000080009c8                DMA1_Stream4_IRQHandler
                0x00000000080009c8                I2C1_ER_IRQHandler
                0x00000000080009c8                DMA2_Stream6_IRQHandler
                0x00000000080009c8                DMA1_Stream3_IRQHandler
 *fill*         0x00000000080009ca        0x2 
 .text.HAL_Init
                0x00000000080009cc       0x44 ./Drivers/STM32F4xx_HAL_Driver/Src/stm32f4xx_hal.o
                0x00000000080009cc                HAL_Init
 .text.HAL_IncTick
                0x0000000008000a10       0x28 ./Drivers/STM32F4xx_HAL_Driver/Src/stm32f4xx_hal.o
                0x0000000008000a10                HAL_IncTick
 .text.HAL_GetTick
                0x0000000008000a38       0x18 ./Drivers/STM32F4xx_HAL_Driver/Src/stm32f4xx_hal.o
                0x0000000008000a38                HAL_GetTick
 .text.__NVIC_SetPriorityGrouping
                0x0000000008000a50       0x48 ./Drivers/STM32F4xx_HAL_Driver/Src/stm32f4xx_hal_cortex.o
 .text.__NVIC_GetPriorityGrouping
                0x0000000008000a98       0x1c ./Drivers/STM32F4xx_HAL_Driver/Src/stm32f4xx_hal_cortex.o
 .text.__NVIC_EnableIRQ
                0x0000000008000ab4       0x3c ./Drivers/STM32F4xx_HAL_Driver/Src/stm32f4xx_hal_cortex.o
 .text.__NVIC_SetPriority
                0x0000000008000af0       0x54 ./Drivers/STM32F4xx_HAL_Driver/Src/stm32f4xx_hal_cortex.o
 .text.NVIC_EncodePriority
                0x0000000008000b44       0x66 ./Drivers/STM32F4xx_HAL_Driver/Src/stm32f4xx_hal_cortex.o
 .text.HAL_NVIC_SetPriorityGrouping
                0x0000000008000baa       0x16 ./Drivers/STM32F4xx_HAL_Driver/Src/stm32f4xx_hal_cortex.o
                0x0000000008000baa                HAL_NVIC_SetPriorityGrouping
 .text.HAL_NVIC_SetPriority
                0x0000000008000bc0       0x38 ./Drivers/STM32F4xx_HAL_Driver/Src/stm32f4xx_hal_cortex.o
                0x0000000008000bc0                HAL_NVIC_SetPriority
 .text.HAL_NVIC_EnableIRQ
                0x0000000008000bf8       0x1c ./Drivers/STM32F4xx_HAL_Driver/Src/stm32f4xx_hal_cortex.o
                0x0000000008000bf8                HAL_NVIC_EnableIRQ
 .text.HAL_RCC_OscConfig
                0x0000000008000c14      0x4f0 ./Drivers/STM32F4xx_HAL_Driver/Src/stm32f4xx_hal_rcc.o
                0x0000000008000c14                HAL_RCC_OscConfig
 .text.HAL_RCC_ClockConfig
                0x0000000008001104      0x1cc ./Drivers/STM32F4xx_HAL_Driver/Src/stm32f4xx_hal_rcc.o
                0x0000000008001104                HAL_RCC_ClockConfig
 .text.HAL_RCC_GetSysClockFreq
                0x00000000080012d0      0x18c ./Drivers/STM32F4xx_HAL_Driver/Src/stm32f4xx_hal_rcc.o
                0x00000000080012d0                HAL_RCC_GetSysClockFreq
 .text.HAL_RCC_GetHCLKFreq
                0x000000000800145c       0x18 ./Drivers/STM32F4xx_HAL_Driver/Src/stm32f4xx_hal_rcc.o
                0x000000000800145c                HAL_RCC_GetHCLKFreq
 .text.HAL_RCC_GetPCLK2Freq
                0x0000000008001474       0x28 ./Drivers/STM32F4xx_HAL_Driver/Src/stm32f4xx_hal_rcc.o
                0x0000000008001474                HAL_RCC_GetPCLK2Freq
 .text.HAL_RCC_GetClockConfig
                0x000000000800149c       0x64 ./Drivers/STM32F4xx_HAL_Driver/Src/stm32f4xx_hal_rcc.o
                0x000000000800149c                HAL_RCC_GetClockConfig
 .text.HAL_TIM_Base_Init
                0x0000000008001500       0x9e ./Drivers/STM32F4xx_HAL_Driver/Src/stm32f4xx_hal_tim.o
                0x0000000008001500                HAL_TIM_Base_Init
 .text.HAL_TIM_Base_MspInit
                0x000000000800159e       0x14 ./Drivers/STM32F4xx_HAL_Driver/Src/stm32f4xx_hal_tim.o
                0x000000000800159e                HAL_TIM_Base_MspInit
 *fill*         0x00000000080015b2        0x2 
 .text.HAL_TIM_Base_Start_IT
                0x00000000080015b4       0xc4 ./Drivers/STM32F4xx_HAL_Driver/Src/stm32f4xx_hal_tim.o
                0x00000000080015b4                HAL_TIM_Base_Start_IT
 .text.HAL_TIM_IRQHandler
                0x0000000008001678      0x210 ./Drivers/STM32F4xx_HAL_Driver/Src/stm32f4xx_hal_tim.o
                0x0000000008001678                HAL_TIM_IRQHandler
 .text.HAL_TIM_OC_DelayElapsedCallback
                0x0000000008001888       0x14 ./Drivers/STM32F4xx_HAL_Driver/Src/stm32f4xx_hal_tim.o
                0x0000000008001888                HAL_TIM_OC_DelayElapsedCallback
 .text.HAL_TIM_IC_CaptureCallback
                0x000000000800189c       0x14 ./Drivers/STM32F4xx_HAL_Driver/Src/stm32f4xx_hal_tim.o
                0x000000000800189c                HAL_TIM_IC_CaptureCallback
 .text.HAL_TIM_PWM_PulseFinishedCallback
                0x00000000080018b0       0x14 ./Drivers/STM32F4xx_HAL_Driver/Src/stm32f4xx_hal_tim.o
                0x00000000080018b0                HAL_TIM_PWM_PulseFinishedCallback
 .text.HAL_TIM_TriggerCallback
                0x00000000080018c4       0x14 ./Drivers/STM32F4xx_HAL_Driver/Src/stm32f4xx_hal_tim.o
                0x00000000080018c4                HAL_TIM_TriggerCallback
 .text.TIM_Base_SetConfig
                0x00000000080018d8      0x100 ./Drivers/STM32F4xx_HAL_Driver/Src/stm32f4xx_hal_tim.o
                0x00000000080018d8                TIM_Base_SetConfig
 .text.HAL_TIMEx_CommutCallback
                0x00000000080019d8       0x14 ./Drivers/STM32F4xx_HAL_Driver/Src/stm32f4xx_hal_tim_ex.o
                0x00000000080019d8                HAL_TIMEx_CommutCallback
 .text.HAL_TIMEx_BreakCallback
                0x00000000080019ec       0x14 ./Drivers/STM32F4xx_HAL_Driver/Src/stm32f4xx_hal_tim_ex.o
                0x00000000080019ec                HAL_TIMEx_BreakCallback
 .text.vListInitialise
                0x0000000008001a00       0x40 ./ThirdParty/FreeRTOS/list.o
                0x0000000008001a00                vListInitialise
 .text.vListInitialiseItem
                0x0000000008001a40       0x1a ./ThirdParty/FreeRTOS/list.o
                0x0000000008001a40                vListInitialiseItem
 .text.vListInsert
                0x0000000008001a5a       0x72 ./ThirdParty/FreeRTOS/list.o
                0x0000000008001a5a                vListInsert
 .text.uxListRemove
                0x0000000008001acc       0x54 ./ThirdParty/FreeRTOS/list.o
                0x0000000008001acc                uxListRemove
 .text.xQueueGenericReset
                0x0000000008001b20      0x104 ./ThirdParty/FreeRTOS/queue.o
                0x0000000008001b20                xQueueGenericReset
 .text.xQueueGenericCreate
                0x0000000008001c24       0x9c ./ThirdParty/FreeRTOS/queue.o
                0x0000000008001c24                xQueueGenericCreate
 .text.prvInitialiseNewQueue
                0x0000000008001cc0       0x46 ./ThirdParty/FreeRTOS/queue.o
 *fill*         0x0000000008001d06        0x2 
 .text.xQueueReceive
                0x0000000008001d08      0x1a8 ./ThirdParty/FreeRTOS/queue.o
                0x0000000008001d08                xQueueReceive
 .text.prvCopyDataFromQueue
                0x0000000008001eb0       0x4c ./ThirdParty/FreeRTOS/queue.o
 .text.prvUnlockQueue
                0x0000000008001efc       0xa4 ./ThirdParty/FreeRTOS/queue.o
 .text.prvIsQueueEmpty
                0x0000000008001fa0       0x2c ./ThirdParty/FreeRTOS/queue.o
 .text.vQueueAddToRegistry
                0x0000000008001fcc       0x9c ./ThirdParty/FreeRTOS/queue.o
                0x0000000008001fcc                vQueueAddToRegistry
 .text.vQueueWaitForMessageRestricted
                0x0000000008002068       0x68 ./ThirdParty/FreeRTOS/queue.o
                0x0000000008002068                vQueueWaitForMessageRestricted
 .text.xTaskCreate
                0x00000000080020d0       0x8c ./ThirdParty/FreeRTOS/tasks.o
                0x00000000080020d0                xTaskCreate
 .text.prvInitialiseNewTask
                0x000000000800215c      0x11c ./ThirdParty/FreeRTOS/tasks.o
 .text.prvAddNewTaskToReadyList
                0x0000000008002278      0x110 ./ThirdParty/FreeRTOS/tasks.o
 .text.vTaskStartScheduler
                0x0000000008002388       0xa4 ./ThirdParty/FreeRTOS/tasks.o
                0x0000000008002388                vTaskStartScheduler
 .text.vTaskSuspendAll
                0x000000000800242c       0x1c ./ThirdParty/FreeRTOS/tasks.o
                0x000000000800242c                vTaskSuspendAll
 .text.xTaskResumeAll
                0x0000000008002448      0x1dc ./ThirdParty/FreeRTOS/tasks.o
                0x0000000008002448                xTaskResumeAll
 .text.xTaskGetTickCount
                0x0000000008002624       0x20 ./ThirdParty/FreeRTOS/tasks.o
                0x0000000008002624                xTaskGetTickCount
 .text.xTaskIncrementTick
                0x0000000008002644      0x1e8 ./ThirdParty/FreeRTOS/tasks.o
                0x0000000008002644                xTaskIncrementTick
 .text.vTaskSwitchContext
                0x000000000800282c       0xb8 ./ThirdParty/FreeRTOS/tasks.o
                0x000000000800282c                vTaskSwitchContext
 .text.vTaskPlaceOnEventList
                0x00000000080028e4       0x48 ./ThirdParty/FreeRTOS/tasks.o
                0x00000000080028e4                vTaskPlaceOnEventList
 .text.vTaskPlaceOnEventListRestricted
                0x000000000800292c       0x8c ./ThirdParty/FreeRTOS/tasks.o
                0x000000000800292c                vTaskPlaceOnEventListRestricted
 .text.xTaskRemoveFromEventList
                0x00000000080029b8      0x1ac ./ThirdParty/FreeRTOS/tasks.o
                0x00000000080029b8                xTaskRemoveFromEventList
 .text.vTaskInternalSetTimeOutState
                0x0000000008002b64       0x2c ./ThirdParty/FreeRTOS/tasks.o
                0x0000000008002b64                vTaskInternalSetTimeOutState
 .text.xTaskCheckForTimeOut
                0x0000000008002b90       0xcc ./ThirdParty/FreeRTOS/tasks.o
                0x0000000008002b90                xTaskCheckForTimeOut
 .text.vTaskMissedYield
                0x0000000008002c5c       0x18 ./ThirdParty/FreeRTOS/tasks.o
                0x0000000008002c5c                vTaskMissedYield
 .text.prvIdleTask
                0x0000000008002c74       0x24 ./ThirdParty/FreeRTOS/tasks.o
 .text.prvInitialiseTaskLists
                0x0000000008002c98       0x80 ./ThirdParty/FreeRTOS/tasks.o
 .text.prvCheckTasksWaitingTermination
                0x0000000008002d18       0x5c ./ThirdParty/FreeRTOS/tasks.o
 .text.prvDeleteTCB
                0x0000000008002d74       0x20 ./ThirdParty/FreeRTOS/tasks.o
 .text.prvResetNextTaskUnblockTime
                0x0000000008002d94       0x38 ./ThirdParty/FreeRTOS/tasks.o
 .text.xTaskGetSchedulerState
                0x0000000008002dcc       0x3c ./ThirdParty/FreeRTOS/tasks.o
                0x0000000008002dcc                xTaskGetSchedulerState
 .text.prvAddCurrentTaskToDelayedList
                0x0000000008002e08      0x100 ./ThirdParty/FreeRTOS/tasks.o
 .text.xTimerCreateTimerTask
                0x0000000008002f08       0x64 ./ThirdParty/FreeRTOS/timers.o
                0x0000000008002f08                xTimerCreateTimerTask
 .text.prvReloadTimer
                0x0000000008002f6c       0x42 ./ThirdParty/FreeRTOS/timers.o
 *fill*         0x0000000008002fae        0x2 
 .text.prvProcessExpiredTimer
                0x0000000008002fb0       0x60 ./ThirdParty/FreeRTOS/timers.o
 .text.prvTimerTask
                0x0000000008003010       0x24 ./ThirdParty/FreeRTOS/timers.o
 .text.prvProcessTimerOrBlockTask
                0x0000000008003034       0x9c ./ThirdParty/FreeRTOS/timers.o
 .text.prvGetNextExpireTime
                0x00000000080030d0       0x48 ./ThirdParty/FreeRTOS/timers.o
 .text.prvSampleTimeNow
                0x0000000008003118       0x40 ./ThirdParty/FreeRTOS/timers.o
 .text.prvInsertTimerInActiveList
                0x0000000008003158       0x84 ./ThirdParty/FreeRTOS/timers.o
 .text.prvProcessReceivedCommands
                0x00000000080031dc      0x17c ./ThirdParty/FreeRTOS/timers.o
 .text.prvSwitchTimerLists
                0x0000000008003358       0x4c ./ThirdParty/FreeRTOS/timers.o
 .text.prvCheckForValidListAndQueue
                0x00000000080033a4       0x6c ./ThirdParty/FreeRTOS/timers.o
 .text.pxPortInitialiseStack
                0x0000000008003410       0x68 ./ThirdParty/FreeRTOS/portable/GCC/ARM_CM4F/port.o
                0x0000000008003410                pxPortInitialiseStack
 .text.prvTaskExitError
                0x0000000008003478       0x58 ./ThirdParty/FreeRTOS/portable/GCC/ARM_CM4F/port.o
 .text.SVC_Handler
                0x00000000080034d0       0x28 ./ThirdParty/FreeRTOS/portable/GCC/ARM_CM4F/port.o
                0x00000000080034d0                SVC_Handler
 .text.prvPortStartFirstTask
                0x00000000080034f8       0x2c ./ThirdParty/FreeRTOS/portable/GCC/ARM_CM4F/port.o
 .text.xPortStartScheduler
                0x0000000008003524      0x144 ./ThirdParty/FreeRTOS/portable/GCC/ARM_CM4F/port.o
                0x0000000008003524                xPortStartScheduler
 .text.vPortEnterCritical
                0x0000000008003668       0x60 ./ThirdParty/FreeRTOS/portable/GCC/ARM_CM4F/port.o
                0x0000000008003668                vPortEnterCritical
 .text.vPortExitCritical
                0x00000000080036c8       0x54 ./ThirdParty/FreeRTOS/portable/GCC/ARM_CM4F/port.o
                0x00000000080036c8                vPortExitCritical
 *fill*         0x000000000800371c        0x4 
 .text.PendSV_Handler
                0x0000000008003720       0x68 ./ThirdParty/FreeRTOS/portable/GCC/ARM_CM4F/port.o
                0x0000000008003720                PendSV_Handler
 .text.SysTick_Handler
                0x0000000008003788       0x44 ./ThirdParty/FreeRTOS/portable/GCC/ARM_CM4F/port.o
                0x0000000008003788                SysTick_Handler
 .text.vPortSetupTimerInterrupt
                0x00000000080037cc       0x48 ./ThirdParty/FreeRTOS/portable/GCC/ARM_CM4F/port.o
                0x00000000080037cc                vPortSetupTimerInterrupt
 .text.vPortEnableVFP
                0x0000000008003814       0x18 ./ThirdParty/FreeRTOS/portable/GCC/ARM_CM4F/port.o
 .text.pvPortMalloc
                0x000000000800382c      0x174 ./ThirdParty/FreeRTOS/portable/MemMang/heap_4.o
                0x000000000800382c                pvPortMalloc
 .text.vPortFree
                0x00000000080039a0       0xb8 ./ThirdParty/FreeRTOS/portable/MemMang/heap_4.o
                0x00000000080039a0                vPortFree
 .text.prvHeapInit
                0x0000000008003a58       0xb8 ./ThirdParty/FreeRTOS/portable/MemMang/heap_4.o
 .text.prvInsertBlockIntoFreeList
                0x0000000008003b10       0xb4 ./ThirdParty/FreeRTOS/portable/MemMang/heap_4.o
 .text.std      0x0000000008003bc4       0x6c O:/STM32CubeIDE_1.13.2/STM32CubeIDE/plugins/com.st.stm32cube.ide.mcu.externaltools.gnu-tools-for-stm32.11.3.rel1.win32_1.1.1.202309131626/tools/bin/../lib/gcc/arm-none-eabi/11.3.1/../../../../arm-none-eabi/lib/thumb/v7e-m+fp/hard\libc_nano.a(libc_a-findfp.o)
 .text.stdio_exit_handler
                0x0000000008003c30       0x18 O:/STM32CubeIDE_1.13.2/STM32CubeIDE/plugins/com.st.stm32cube.ide.mcu.externaltools.gnu-tools-for-stm32.11.3.rel1.win32_1.1.1.202309131626/tools/bin/../lib/gcc/arm-none-eabi/11.3.1/../../../../arm-none-eabi/lib/thumb/v7e-m+fp/hard\libc_nano.a(libc_a-findfp.o)
 .text.cleanup_stdio
                0x0000000008003c48       0x40 O:/STM32CubeIDE_1.13.2/STM32CubeIDE/plugins/com.st.stm32cube.ide.mcu.externaltools.gnu-tools-for-stm32.11.3.rel1.win32_1.1.1.202309131626/tools/bin/../lib/gcc/arm-none-eabi/11.3.1/../../../../arm-none-eabi/lib/thumb/v7e-m+fp/hard\libc_nano.a(libc_a-findfp.o)
 .text.global_stdio_init.part.0
                0x0000000008003c88       0x3c O:/STM32CubeIDE_1.13.2/STM32CubeIDE/plugins/com.st.stm32cube.ide.mcu.externaltools.gnu-tools-for-stm32.11.3.rel1.win32_1.1.1.202309131626/tools/bin/../lib/gcc/arm-none-eabi/11.3.1/../../../../arm-none-eabi/lib/thumb/v7e-m+fp/hard\libc_nano.a(libc_a-findfp.o)
 .text.__sfp_lock_acquire
                0x0000000008003cc4        0xc O:/STM32CubeIDE_1.13.2/STM32CubeIDE/plugins/com.st.stm32cube.ide.mcu.externaltools.gnu-tools-for-stm32.11.3.rel1.win32_1.1.1.202309131626/tools/bin/../lib/gcc/arm-none-eabi/11.3.1/../../../../arm-none-eabi/lib/thumb/v7e-m+fp/hard\libc_nano.a(libc_a-findfp.o)
                0x0000000008003cc4                __sfp_lock_acquire
 .text.__sfp_lock_release
                0x0000000008003cd0        0xc O:/STM32CubeIDE_1.13.2/STM32CubeIDE/plugins/com.st.stm32cube.ide.mcu.externaltools.gnu-tools-for-stm32.11.3.rel1.win32_1.1.1.202309131626/tools/bin/../lib/gcc/arm-none-eabi/11.3.1/../../../../arm-none-eabi/lib/thumb/v7e-m+fp/hard\libc_nano.a(libc_a-findfp.o)
                0x0000000008003cd0                __sfp_lock_release
 .text.__sinit  0x0000000008003cdc       0x30 O:/STM32CubeIDE_1.13.2/STM32CubeIDE/plugins/com.st.stm32cube.ide.mcu.externaltools.gnu-tools-for-stm32.11.3.rel1.win32_1.1.1.202309131626/tools/bin/../lib/gcc/arm-none-eabi/11.3.1/../../../../arm-none-eabi/lib/thumb/v7e-m+fp/hard\libc_nano.a(libc_a-findfp.o)
                0x0000000008003cdc                __sinit
 .text._fwalk_sglue
                0x0000000008003d0c       0x3c O:/STM32CubeIDE_1.13.2/STM32CubeIDE/plugins/com.st.stm32cube.ide.mcu.externaltools.gnu-tools-for-stm32.11.3.rel1.win32_1.1.1.202309131626/tools/bin/../lib/gcc/arm-none-eabi/11.3.1/../../../../arm-none-eabi/lib/thumb/v7e-m+fp/hard\libc_nano.a(libc_a-fwalk.o)
                0x0000000008003d0c                _fwalk_sglue
 .text._puts_r  0x0000000008003d48       0xa8 O:/STM32CubeIDE_1.13.2/STM32CubeIDE/plugins/com.st.stm32cube.ide.mcu.externaltools.gnu-tools-for-stm32.11.3.rel1.win32_1.1.1.202309131626/tools/bin/../lib/gcc/arm-none-eabi/11.3.1/../../../../arm-none-eabi/lib/thumb/v7e-m+fp/hard\libc_nano.a(libc_a-puts.o)
                0x0000000008003d48                _puts_r
 .text.puts     0x0000000008003df0       0x10 O:/STM32CubeIDE_1.13.2/STM32CubeIDE/plugins/com.st.stm32cube.ide.mcu.externaltools.gnu-tools-for-stm32.11.3.rel1.win32_1.1.1.202309131626/tools/bin/../lib/gcc/arm-none-eabi/11.3.1/../../../../arm-none-eabi/lib/thumb/v7e-m+fp/hard\libc_nano.a(libc_a-puts.o)
                0x0000000008003df0                puts
 .text.__sread  0x0000000008003e00       0x22 O:/STM32CubeIDE_1.13.2/STM32CubeIDE/plugins/com.st.stm32cube.ide.mcu.externaltools.gnu-tools-for-stm32.11.3.rel1.win32_1.1.1.202309131626/tools/bin/../lib/gcc/arm-none-eabi/11.3.1/../../../../arm-none-eabi/lib/thumb/v7e-m+fp/hard\libc_nano.a(libc_a-stdio.o)
                0x0000000008003e00                __sread
 .text.__swrite
                0x0000000008003e22       0x38 O:/STM32CubeIDE_1.13.2/STM32CubeIDE/plugins/com.st.stm32cube.ide.mcu.externaltools.gnu-tools-for-stm32.11.3.rel1.win32_1.1.1.202309131626/tools/bin/../lib/gcc/arm-none-eabi/11.3.1/../../../../arm-none-eabi/lib/thumb/v7e-m+fp/hard\libc_nano.a(libc_a-stdio.o)
                0x0000000008003e22                __swrite
 .text.__sseek  0x0000000008003e5a       0x24 O:/STM32CubeIDE_1.13.2/STM32CubeIDE/plugins/com.st.stm32cube.ide.mcu.externaltools.gnu-tools-for-stm32.11.3.rel1.win32_1.1.1.202309131626/tools/bin/../lib/gcc/arm-none-eabi/11.3.1/../../../../arm-none-eabi/lib/thumb/v7e-m+fp/hard\libc_nano.a(libc_a-stdio.o)
                0x0000000008003e5a                __sseek
 .text.__sclose
                0x0000000008003e7e        0x8 O:/STM32CubeIDE_1.13.2/STM32CubeIDE/plugins/com.st.stm32cube.ide.mcu.externaltools.gnu-tools-for-stm32.11.3.rel1.win32_1.1.1.202309131626/tools/bin/../lib/gcc/arm-none-eabi/11.3.1/../../../../arm-none-eabi/lib/thumb/v7e-m+fp/hard\libc_nano.a(libc_a-stdio.o)
                0x0000000008003e7e                __sclose
 .text.__swbuf_r
                0x0000000008003e86       0x7a O:/STM32CubeIDE_1.13.2/STM32CubeIDE/plugins/com.st.stm32cube.ide.mcu.externaltools.gnu-tools-for-stm32.11.3.rel1.win32_1.1.1.202309131626/tools/bin/../lib/gcc/arm-none-eabi/11.3.1/../../../../arm-none-eabi/lib/thumb/v7e-m+fp/hard\libc_nano.a(libc_a-wbuf.o)
                0x0000000008003e86                __swbuf_r
 .text.__swsetup_r
                0x0000000008003f00       0xb0 O:/STM32CubeIDE_1.13.2/STM32CubeIDE/plugins/com.st.stm32cube.ide.mcu.externaltools.gnu-tools-for-stm32.11.3.rel1.win32_1.1.1.202309131626/tools/bin/../lib/gcc/arm-none-eabi/11.3.1/../../../../arm-none-eabi/lib/thumb/v7e-m+fp/hard\libc_nano.a(libc_a-wsetup.o)
                0x0000000008003f00                __swsetup_r
 .text.memset   0x0000000008003fb0       0x10 O:/STM32CubeIDE_1.13.2/STM32CubeIDE/plugins/com.st.stm32cube.ide.mcu.externaltools.gnu-tools-for-stm32.11.3.rel1.win32_1.1.1.202309131626/tools/bin/../lib/gcc/arm-none-eabi/11.3.1/../../../../arm-none-eabi/lib/thumb/v7e-m+fp/hard\libc_nano.a(libc_a-memset.o)
                0x0000000008003fb0                memset
 .text._close_r
                0x0000000008003fc0       0x20 O:/STM32CubeIDE_1.13.2/STM32CubeIDE/plugins/com.st.stm32cube.ide.mcu.externaltools.gnu-tools-for-stm32.11.3.rel1.win32_1.1.1.202309131626/tools/bin/../lib/gcc/arm-none-eabi/11.3.1/../../../../arm-none-eabi/lib/thumb/v7e-m+fp/hard\libc_nano.a(libc_a-closer.o)
                0x0000000008003fc0                _close_r
 .text._lseek_r
                0x0000000008003fe0       0x24 O:/STM32CubeIDE_1.13.2/STM32CubeIDE/plugins/com.st.stm32cube.ide.mcu.externaltools.gnu-tools-for-stm32.11.3.rel1.win32_1.1.1.202309131626/tools/bin/../lib/gcc/arm-none-eabi/11.3.1/../../../../arm-none-eabi/lib/thumb/v7e-m+fp/hard\libc_nano.a(libc_a-lseekr.o)
                0x0000000008003fe0                _lseek_r
 .text._read_r  0x0000000008004004       0x24 O:/STM32CubeIDE_1.13.2/STM32CubeIDE/plugins/com.st.stm32cube.ide.mcu.externaltools.gnu-tools-for-stm32.11.3.rel1.win32_1.1.1.202309131626/tools/bin/../lib/gcc/arm-none-eabi/11.3.1/../../../../arm-none-eabi/lib/thumb/v7e-m+fp/hard\libc_nano.a(libc_a-readr.o)
                0x0000000008004004                _read_r
 .text._write_r
                0x0000000008004028       0x24 O:/STM32CubeIDE_1.13.2/STM32CubeIDE/plugins/com.st.stm32cube.ide.mcu.externaltools.gnu-tools-for-stm32.11.3.rel1.win32_1.1.1.202309131626/tools/bin/../lib/gcc/arm-none-eabi/11.3.1/../../../../arm-none-eabi/lib/thumb/v7e-m+fp/hard\libc_nano.a(libc_a-writer.o)
                0x0000000008004028                _write_r
 .text.__libc_init_array
                0x000000000800404c       0x48 O:/STM32CubeIDE_1.13.2/STM32CubeIDE/plugins/com.st.stm32cube.ide.mcu.externaltools.gnu-tools-for-stm32.11.3.rel1.win32_1.1.1.202309131626/tools/bin/../lib/gcc/arm-none-eabi/11.3.1/../../../../arm-none-eabi/lib/thumb/v7e-m+fp/hard\libc_nano.a(libc_a-init.o)
                0x000000000800404c                __libc_init_array
 .text.__retarget_lock_init_recursive
                0x0000000008004094        0x2 O:/STM32CubeIDE_1.13.2/STM32CubeIDE/plugins/com.st.stm32cube.ide.mcu.externaltools.gnu-tools-for-stm32.11.3.rel1.win32_1.1.1.202309131626/tools/bin/../lib/gcc/arm-none-eabi/11.3.1/../../../../arm-none-eabi/lib/thumb/v7e-m+fp/hard\libc_nano.a(libc_a-lock.o)
                0x0000000008004094                __retarget_lock_init_recursive
 .text.__retarget_lock_acquire_recursive
                0x0000000008004096        0x2 O:/STM32CubeIDE_1.13.2/STM32CubeIDE/plugins/com.st.stm32cube.ide.mcu.externaltools.gnu-tools-for-stm32.11.3.rel1.win32_1.1.1.202309131626/tools/bin/../lib/gcc/arm-none-eabi/11.3.1/../../../../arm-none-eabi/lib/thumb/v7e-m+fp/hard\libc_nano.a(libc_a-lock.o)
                0x0000000008004096                __retarget_lock_acquire_recursive
 .text.__retarget_lock_release_recursive
                0x0000000008004098        0x2 O:/STM32CubeIDE_1.13.2/STM32CubeIDE/plugins/com.st.stm32cube.ide.mcu.externaltools.gnu-tools-for-stm32.11.3.rel1.win32_1.1.1.202309131626/tools/bin/../lib/gcc/arm-none-eabi/11.3.1/../../../../arm-none-eabi/lib/thumb/v7e-m+fp/hard\libc_nano.a(libc_a-lock.o)
                0x0000000008004098                __retarget_lock_release_recursive
 .text.memcpy   0x000000000800409a       0x1c O:/STM32CubeIDE_1.13.2/STM32CubeIDE/plugins/com.st.stm32cube.ide.mcu.externaltools.gnu-tools-for-stm32.11.3.rel1.win32_1.1.1.202309131626/tools/bin/../lib/gcc/arm-none-eabi/11.3.1/../../../../arm-none-eabi/lib/thumb/v7e-m+fp/hard\libc_nano.a(libc_a-memcpy-stub.o)
                0x000000000800409a                memcpy
 *fill*         0x00000000080040b6        0x2 
 .text._free_r  0x00000000080040b8       0x98 O:/STM32CubeIDE_1.13.2/STM32CubeIDE/plugins/com.st.stm32cube.ide.mcu.externaltools.gnu-tools-for-stm32.11.3.rel1.win32_1.1.1.202309131626/tools/bin/../lib/gcc/arm-none-eabi/11.3.1/../../../../arm-none-eabi/lib/thumb/v7e-m+fp/hard\libc_nano.a(libc_a-freer.o)
                0x00000000080040b8                _free_r
 .text.sbrk_aligned
                0x0000000008004150       0x40 O:/STM32CubeIDE_1.13.2/STM32CubeIDE/plugins/com.st.stm32cube.ide.mcu.externaltools.gnu-tools-for-stm32.11.3.rel1.win32_1.1.1.202309131626/tools/bin/../lib/gcc/arm-none-eabi/11.3.1/../../../../arm-none-eabi/lib/thumb/v7e-m+fp/hard\libc_nano.a(libc_a-mallocr.o)
 .text._malloc_r
                0x0000000008004190      0x100 O:/STM32CubeIDE_1.13.2/STM32CubeIDE/plugins/com.st.stm32cube.ide.mcu.externaltools.gnu-tools-for-stm32.11.3.rel1.win32_1.1.1.202309131626/tools/bin/../lib/gcc/arm-none-eabi/11.3.1/../../../../arm-none-eabi/lib/thumb/v7e-m+fp/hard\libc_nano.a(libc_a-mallocr.o)
                0x0000000008004190                _malloc_r
 .text.__malloc_lock
                0x0000000008004290        0xc O:/STM32CubeIDE_1.13.2/STM32CubeIDE/plugins/com.st.stm32cube.ide.mcu.externaltools.gnu-tools-for-stm32.11.3.rel1.win32_1.1.1.202309131626/tools/bin/../lib/gcc/arm-none-eabi/11.3.1/../../../../arm-none-eabi/lib/thumb/v7e-m+fp/hard\libc_nano.a(libc_a-mlock.o)
                0x0000000008004290                __malloc_lock
 .text.__malloc_unlock
                0x000000000800429c        0xc O:/STM32CubeIDE_1.13.2/STM32CubeIDE/plugins/com.st.stm32cube.ide.mcu.externaltools.gnu-tools-for-stm32.11.3.rel1.win32_1.1.1.202309131626/tools/bin/../lib/gcc/arm-none-eabi/11.3.1/../../../../arm-none-eabi/lib/thumb/v7e-m+fp/hard\libc_nano.a(libc_a-mlock.o)
                0x000000000800429c                __malloc_unlock
 .text.__sflush_r
                0x00000000080042a8      0x10c O:/STM32CubeIDE_1.13.2/STM32CubeIDE/plugins/com.st.stm32cube.ide.mcu.externaltools.gnu-tools-for-stm32.11.3.rel1.win32_1.1.1.202309131626/tools/bin/../lib/gcc/arm-none-eabi/11.3.1/../../../../arm-none-eabi/lib/thumb/v7e-m+fp/hard\libc_nano.a(libc_a-fflush.o)
                0x00000000080042a8                __sflush_r
 .text._fflush_r
                0x00000000080043b4       0x50 O:/STM32CubeIDE_1.13.2/STM32CubeIDE/plugins/com.st.stm32cube.ide.mcu.externaltools.gnu-tools-for-stm32.11.3.rel1.win32_1.1.1.202309131626/tools/bin/../lib/gcc/arm-none-eabi/11.3.1/../../../../arm-none-eabi/lib/thumb/v7e-m+fp/hard\libc_nano.a(libc_a-fflush.o)
                0x00000000080043b4                _fflush_r
 .text.__swhatbuf_r
                0x0000000008004404       0x4c O:/STM32CubeIDE_1.13.2/STM32CubeIDE/plugins/com.st.stm32cube.ide.mcu.externaltools.gnu-tools-for-stm32.11.3.rel1.win32_1.1.1.202309131626/tools/bin/../lib/gcc/arm-none-eabi/11.3.1/../../../../arm-none-eabi/lib/thumb/v7e-m+fp/hard\libc_nano.a(libc_a-makebuf.o)
                0x0000000008004404                __swhatbuf_r
 .text.__smakebuf_r
                0x0000000008004450       0x78 O:/STM32CubeIDE_1.13.2/STM32CubeIDE/plugins/com.st.stm32cube.ide.mcu.externaltools.gnu-tools-for-stm32.11.3.rel1.win32_1.1.1.202309131626/tools/bin/../lib/gcc/arm-none-eabi/11.3.1/../../../../arm-none-eabi/lib/thumb/v7e-m+fp/hard\libc_nano.a(libc_a-makebuf.o)
                0x0000000008004450                __smakebuf_r
 .text._fstat_r
                0x00000000080044c8       0x24 O:/STM32CubeIDE_1.13.2/STM32CubeIDE/plugins/com.st.stm32cube.ide.mcu.externaltools.gnu-tools-for-stm32.11.3.rel1.win32_1.1.1.202309131626/tools/bin/../lib/gcc/arm-none-eabi/11.3.1/../../../../arm-none-eabi/lib/thumb/v7e-m+fp/hard\libc_nano.a(libc_a-fstatr.o)
                0x00000000080044c8                _fstat_r
 .text._isatty_r
                0x00000000080044ec       0x20 O:/STM32CubeIDE_1.13.2/STM32CubeIDE/plugins/com.st.stm32cube.ide.mcu.externaltools.gnu-tools-for-stm32.11.3.rel1.win32_1.1.1.202309131626/tools/bin/../lib/gcc/arm-none-eabi/11.3.1/../../../../arm-none-eabi/lib/thumb/v7e-m+fp/hard\libc_nano.a(libc_a-isattyr.o)
                0x00000000080044ec                _isatty_r
 .text._sbrk_r  0x000000000800450c       0x20 O:/STM32CubeIDE_1.13.2/STM32CubeIDE/plugins/com.st.stm32cube.ide.mcu.externaltools.gnu-tools-for-stm32.11.3.rel1.win32_1.1.1.202309131626/tools/bin/../lib/gcc/arm-none-eabi/11.3.1/../../../../arm-none-eabi/lib/thumb/v7e-m+fp/hard\libc_nano.a(libc_a-sbrkr.o)
                0x000000000800450c                _sbrk_r
 .text._sbrk    0x000000000800452c       0x1c O:/STM32CubeIDE_1.13.2/STM32CubeIDE/plugins/com.st.stm32cube.ide.mcu.externaltools.gnu-tools-for-stm32.11.3.rel1.win32_1.1.1.202309131626/tools/bin/../lib/gcc/arm-none-eabi/11.3.1/../../../../arm-none-eabi/lib/thumb/v7e-m+fp/hard\libnosys.a(sbrk.o)
                0x000000000800452c                _sbrk
 *(.glue_7)
 .glue_7        0x0000000008004548        0x0 linker stubs
 *(.glue_7t)
 .glue_7t       0x0000000008004548        0x0 linker stubs
 *(.eh_frame)
 .eh_frame      0x0000000008004548        0x0 O:/STM32CubeIDE_1.13.2/STM32CubeIDE/plugins/com.st.stm32cube.ide.mcu.externaltools.gnu-tools-for-stm32.11.3.rel1.win32_1.1.1.202309131626/tools/bin/../lib/gcc/arm-none-eabi/11.3.1/thumb/v7e-m+fp/hard/crtbegin.o
 *(.init)
 .init          0x0000000008004548        0x4 O:/STM32CubeIDE_1.13.2/STM32CubeIDE/plugins/com.st.stm32cube.ide.mcu.externaltools.gnu-tools-for-stm32.11.3.rel1.win32_1.1.1.202309131626/tools/bin/../lib/gcc/arm-none-eabi/11.3.1/thumb/v7e-m+fp/hard/crti.o
                0x0000000008004548                _init
 .init          0x000000000800454c        0x8 O:/STM32CubeIDE_1.13.2/STM32CubeIDE/plugins/com.st.stm32cube.ide.mcu.externaltools.gnu-tools-for-stm32.11.3.rel1.win32_1.1.1.202309131626/tools/bin/../lib/gcc/arm-none-eabi/11.3.1/thumb/v7e-m+fp/hard/crtn.o
 *(.fini)
 .fini          0x0000000008004554        0x4 O:/STM32CubeIDE_1.13.2/STM32CubeIDE/plugins/com.st.stm32cube.ide.mcu.externaltools.gnu-tools-for-stm32.11.3.rel1.win32_1.1.1.202309131626/tools/bin/../lib/gcc/arm-none-eabi/11.3.1/thumb/v7e-m+fp/hard/crti.o
                0x0000000008004554                _fini
 .fini          0x0000000008004558        0x8 O:/STM32CubeIDE_1.13.2/STM32CubeIDE/plugins/com.st.stm32cube.ide.mcu.externaltools.gnu-tools-for-stm32.11.3.rel1.win32_1.1.1.202309131626/tools/bin/../lib/gcc/arm-none-eabi/11.3.1/thumb/v7e-m+fp/hard/crtn.o
                0x0000000008004560                . = ALIGN (0x4)
                0x0000000008004560                _etext = .

.vfp11_veneer   0x0000000008004560        0x0
 .vfp11_veneer  0x0000000008004560        0x0 linker stubs

.v4_bx          0x0000000008004560        0x0
 .v4_bx         0x0000000008004560        0x0 linker stubs

.iplt           0x0000000008004560        0x0
 .iplt          0x0000000008004560        0x0 O:/STM32CubeIDE_1.13.2/STM32CubeIDE/plugins/com.st.stm32cube.ide.mcu.externaltools.gnu-tools-for-stm32.11.3.rel1.win32_1.1.1.202309131626/tools/bin/../lib/gcc/arm-none-eabi/11.3.1/thumb/v7e-m+fp/hard/crtbegin.o

.rodata         0x0000000008004560       0x70
                0x0000000008004560                . = ALIGN (0x4)
 *(.rodata)
 .rodata        0x0000000008004560       0x3f ./Core/Src/main.o
 *fill*         0x000000000800459f        0x1 
 .rodata        0x00000000080045a0        0x5 ./ThirdParty/FreeRTOS/tasks.o
 *fill*         0x00000000080045a5        0x3 
 .rodata        0x00000000080045a8        0xd ./ThirdParty/FreeRTOS/timers.o
 *(.rodata*)
 *fill*         0x00000000080045b5        0x3 
 .rodata.AHBPrescTable
                0x00000000080045b8       0x10 ./Core/Src/system_stm32f4xx.o
                0x00000000080045b8                AHBPrescTable
 .rodata.APBPrescTable
                0x00000000080045c8        0x8 ./Core/Src/system_stm32f4xx.o
                0x00000000080045c8                APBPrescTable
                0x00000000080045d0                . = ALIGN (0x4)

.ARM.extab      0x00000000080045d0        0x0
                0x00000000080045d0                . = ALIGN (0x4)
 *(.ARM.extab* .gnu.linkonce.armextab.*)
                0x00000000080045d0                . = ALIGN (0x4)

.ARM            0x00000000080045d0        0x8
                0x00000000080045d0                . = ALIGN (0x4)
                0x00000000080045d0                __exidx_start = .
 *(.ARM.exidx*)
 .ARM.exidx     0x00000000080045d0        0x8 O:/STM32CubeIDE_1.13.2/STM32CubeIDE/plugins/com.st.stm32cube.ide.mcu.externaltools.gnu-tools-for-stm32.11.3.rel1.win32_1.1.1.202309131626/tools/bin/../lib/gcc/arm-none-eabi/11.3.1/thumb/v7e-m+fp/hard\libgcc.a(_udivmoddi4.o)
                0x00000000080045d8                __exidx_end = .
                0x00000000080045d8                . = ALIGN (0x4)

.rel.dyn        0x00000000080045d8        0x0
 .rel.iplt      0x00000000080045d8        0x0 O:/STM32CubeIDE_1.13.2/STM32CubeIDE/plugins/com.st.stm32cube.ide.mcu.externaltools.gnu-tools-for-stm32.11.3.rel1.win32_1.1.1.202309131626/tools/bin/../lib/gcc/arm-none-eabi/11.3.1/thumb/v7e-m+fp/hard/crtbegin.o

.preinit_array  0x00000000080045d8        0x0
                0x00000000080045d8                . = ALIGN (0x4)
                0x00000000080045d8                PROVIDE (__preinit_array_start = .)
 *(.preinit_array*)
                0x00000000080045d8                PROVIDE (__preinit_array_end = .)
                0x00000000080045d8                . = ALIGN (0x4)

.init_array     0x00000000080045d8        0x4
                0x00000000080045d8                . = ALIGN (0x4)
                0x00000000080045d8                PROVIDE (__init_array_start = .)
 *(SORT_BY_NAME(.init_array.*))
 *(.init_array*)
 .init_array    0x00000000080045d8        0x4 O:/STM32CubeIDE_1.13.2/STM32CubeIDE/plugins/com.st.stm32cube.ide.mcu.externaltools.gnu-tools-for-stm32.11.3.rel1.win32_1.1.1.202309131626/tools/bin/../lib/gcc/arm-none-eabi/11.3.1/thumb/v7e-m+fp/hard/crtbegin.o
                0x00000000080045dc                PROVIDE (__init_array_end = .)
                0x00000000080045dc                . = ALIGN (0x4)

.fini_array     0x00000000080045dc        0x4
                0x00000000080045dc                . = ALIGN (0x4)
                [!provide]                        PROVIDE (__fini_array_start = .)
 *(SORT_BY_NAME(.fini_array.*))
 *(.fini_array*)
 .fini_array    0x00000000080045dc        0x4 O:/STM32CubeIDE_1.13.2/STM32CubeIDE/plugins/com.st.stm32cube.ide.mcu.externaltools.gnu-tools-for-stm32.11.3.rel1.win32_1.1.1.202309131626/tools/bin/../lib/gcc/arm-none-eabi/11.3.1/thumb/v7e-m+fp/hard/crtbegin.o
                [!provide]                        PROVIDE (__fini_array_end = .)
                0x00000000080045e0                . = ALIGN (0x4)
                0x00000000080045e0                _sidata = LOADADDR (.data)

.data           0x0000000020000000       0x70 load address 0x00000000080045e0
                0x0000000020000000                . = ALIGN (0x4)
                0x0000000020000000                _sdata = .
 *(.data)
 *(.data*)
 .data.SystemCoreClock
                0x0000000020000000        0x4 ./Core/Src/system_stm32f4xx.o
                0x0000000020000000                SystemCoreClock
 .data.uwTickPrio
                0x0000000020000004        0x4 ./Drivers/STM32F4xx_HAL_Driver/Src/stm32f4xx_hal.o
                0x0000000020000004                uwTickPrio
 .data.uwTickFreq
                0x0000000020000008        0x1 ./Drivers/STM32F4xx_HAL_Driver/Src/stm32f4xx_hal.o
                0x0000000020000008                uwTickFreq
 *fill*         0x0000000020000009        0x3 
 .data.uxTopUsedPriority
                0x000000002000000c        0x4 ./ThirdParty/FreeRTOS/tasks.o
                0x000000002000000c                uxTopUsedPriority
 .data.uxCriticalNesting
                0x0000000020000010        0x4 ./ThirdParty/FreeRTOS/portable/GCC/ARM_CM4F/port.o
 .data.__sglue  0x0000000020000014        0xc O:/STM32CubeIDE_1.13.2/STM32CubeIDE/plugins/com.st.stm32cube.ide.mcu.externaltools.gnu-tools-for-stm32.11.3.rel1.win32_1.1.1.202309131626/tools/bin/../lib/gcc/arm-none-eabi/11.3.1/../../../../arm-none-eabi/lib/thumb/v7e-m+fp/hard\libc_nano.a(libc_a-findfp.o)
                0x0000000020000014                __sglue
 .data._impure_data
                0x0000000020000020       0x4c O:/STM32CubeIDE_1.13.2/STM32CubeIDE/plugins/com.st.stm32cube.ide.mcu.externaltools.gnu-tools-for-stm32.11.3.rel1.win32_1.1.1.202309131626/tools/bin/../lib/gcc/arm-none-eabi/11.3.1/../../../../arm-none-eabi/lib/thumb/v7e-m+fp/hard\libc_nano.a(libc_a-impure.o)
                0x0000000020000020                _impure_data
 .data._impure_ptr
                0x000000002000006c        0x4 O:/STM32CubeIDE_1.13.2/STM32CubeIDE/plugins/com.st.stm32cube.ide.mcu.externaltools.gnu-tools-for-stm32.11.3.rel1.win32_1.1.1.202309131626/tools/bin/../lib/gcc/arm-none-eabi/11.3.1/../../../../arm-none-eabi/lib/thumb/v7e-m+fp/hard\libc_nano.a(libc_a-impure.o)
                0x000000002000006c                _impure_ptr
 *(.RamFunc)
 *(.RamFunc*)
                0x0000000020000070                . = ALIGN (0x4)
                0x0000000020000070                _edata = .

.igot.plt       0x0000000020000070        0x0 load address 0x0000000008004650
 .igot.plt      0x0000000020000070        0x0 O:/STM32CubeIDE_1.13.2/STM32CubeIDE/plugins/com.st.stm32cube.ide.mcu.externaltools.gnu-tools-for-stm32.11.3.rel1.win32_1.1.1.202309131626/tools/bin/../lib/gcc/arm-none-eabi/11.3.1/thumb/v7e-m+fp/hard/crtbegin.o
                0x0000000020000070                . = ALIGN (0x4)

.bss            0x0000000020000070     0x175c load address 0x0000000008004650
                0x0000000020000070                _sbss = .
                0x0000000020000070                __bss_start__ = _sbss
 *(.bss)
 .bss           0x0000000020000070       0x1c O:/STM32CubeIDE_1.13.2/STM32CubeIDE/plugins/com.st.stm32cube.ide.mcu.externaltools.gnu-tools-for-stm32.11.3.rel1.win32_1.1.1.202309131626/tools/bin/../lib/gcc/arm-none-eabi/11.3.1/thumb/v7e-m+fp/hard/crtbegin.o
 *(.bss*)
 .bss.htim1     0x000000002000008c       0x48 ./Core/Src/stm32f4xx_hal_timebase_tim.o
                0x000000002000008c                htim1
 .bss.uwTick    0x00000000200000d4        0x4 ./Drivers/STM32F4xx_HAL_Driver/Src/stm32f4xx_hal.o
                0x00000000200000d4                uwTick
 .bss.xQueueRegistry
                0x00000000200000d8       0x40 ./ThirdParty/FreeRTOS/queue.o
                0x00000000200000d8                xQueueRegistry
 .bss.pxCurrentTCB
                0x0000000020000118        0x4 ./ThirdParty/FreeRTOS/tasks.o
                0x0000000020000118                pxCurrentTCB
 .bss.pxReadyTasksLists
                0x000000002000011c       0x64 ./ThirdParty/FreeRTOS/tasks.o
 .bss.xDelayedTaskList1
                0x0000000020000180       0x14 ./ThirdParty/FreeRTOS/tasks.o
 .bss.xDelayedTaskList2
                0x0000000020000194       0x14 ./ThirdParty/FreeRTOS/tasks.o
 .bss.pxDelayedTaskList
                0x00000000200001a8        0x4 ./ThirdParty/FreeRTOS/tasks.o
 .bss.pxOverflowDelayedTaskList
                0x00000000200001ac        0x4 ./ThirdParty/FreeRTOS/tasks.o
 .bss.xPendingReadyList
                0x00000000200001b0       0x14 ./ThirdParty/FreeRTOS/tasks.o
 .bss.xTasksWaitingTermination
                0x00000000200001c4       0x14 ./ThirdParty/FreeRTOS/tasks.o
 .bss.uxDeletedTasksWaitingCleanUp
                0x00000000200001d8        0x4 ./ThirdParty/FreeRTOS/tasks.o
 .bss.xSuspendedTaskList
                0x00000000200001dc       0x14 ./ThirdParty/FreeRTOS/tasks.o
 .bss.uxCurrentNumberOfTasks
                0x00000000200001f0        0x4 ./ThirdParty/FreeRTOS/tasks.o
 .bss.xTickCount
                0x00000000200001f4        0x4 ./ThirdParty/FreeRTOS/tasks.o
 .bss.uxTopReadyPriority
                0x00000000200001f8        0x4 ./ThirdParty/FreeRTOS/tasks.o
 .bss.xSchedulerRunning
                0x00000000200001fc        0x4 ./ThirdParty/FreeRTOS/tasks.o
 .bss.xPendedTicks
                0x0000000020000200        0x4 ./ThirdParty/FreeRTOS/tasks.o
 .bss.xYieldPending
                0x0000000020000204        0x4 ./ThirdParty/FreeRTOS/tasks.o
 .bss.xNumOfOverflows
                0x0000000020000208        0x4 ./ThirdParty/FreeRTOS/tasks.o
 .bss.uxTaskNumber
                0x000000002000020c        0x4 ./ThirdParty/FreeRTOS/tasks.o
 .bss.xNextTaskUnblockTime
                0x0000000020000210        0x4 ./ThirdParty/FreeRTOS/tasks.o
 .bss.xIdleTaskHandle
                0x0000000020000214        0x4 ./ThirdParty/FreeRTOS/tasks.o
 .bss.uxSchedulerSuspended
                0x0000000020000218        0x4 ./ThirdParty/FreeRTOS/tasks.o
 .bss.xActiveTimerList1
                0x000000002000021c       0x14 ./ThirdParty/FreeRTOS/timers.o
 .bss.xActiveTimerList2
                0x0000000020000230       0x14 ./ThirdParty/FreeRTOS/timers.o
 .bss.pxCurrentTimerList
                0x0000000020000244        0x4 ./ThirdParty/FreeRTOS/timers.o
 .bss.pxOverflowTimerList
                0x0000000020000248        0x4 ./ThirdParty/FreeRTOS/timers.o
 .bss.xTimerQueue
                0x000000002000024c        0x4 ./ThirdParty/FreeRTOS/timers.o
 .bss.xTimerTaskHandle
                0x0000000020000250        0x4 ./ThirdParty/FreeRTOS/timers.o
 .bss.xLastTime.0
                0x0000000020000254        0x4 ./ThirdParty/FreeRTOS/timers.o
 .bss.ucMaxSysCallPriority
                0x0000000020000258        0x1 ./ThirdParty/FreeRTOS/portable/GCC/ARM_CM4F/port.o
 *fill*         0x0000000020000259        0x3 
 .bss.ulMaxPRIGROUPValue
                0x000000002000025c        0x4 ./ThirdParty/FreeRTOS/portable/GCC/ARM_CM4F/port.o
 .bss.ucHeap    0x0000000020000260     0x1400 ./ThirdParty/FreeRTOS/portable/MemMang/heap_4.o
 .bss.xStart    0x0000000020001660        0x8 ./ThirdParty/FreeRTOS/portable/MemMang/heap_4.o
 .bss.pxEnd     0x0000000020001668        0x4 ./ThirdParty/FreeRTOS/portable/MemMang/heap_4.o
 .bss.xFreeBytesRemaining
                0x000000002000166c        0x4 ./ThirdParty/FreeRTOS/portable/MemMang/heap_4.o
 .bss.xMinimumEverFreeBytesRemaining
                0x0000000020001670        0x4 ./ThirdParty/FreeRTOS/portable/MemMang/heap_4.o
 .bss.xNumberOfSuccessfulAllocations
                0x0000000020001674        0x4 ./ThirdParty/FreeRTOS/portable/MemMang/heap_4.o
 .bss.xNumberOfSuccessfulFrees
                0x0000000020001678        0x4 ./ThirdParty/FreeRTOS/portable/MemMang/heap_4.o
 .bss.__sf      0x000000002000167c      0x138 O:/STM32CubeIDE_1.13.2/STM32CubeIDE/plugins/com.st.stm32cube.ide.mcu.externaltools.gnu-tools-for-stm32.11.3.rel1.win32_1.1.1.202309131626/tools/bin/../lib/gcc/arm-none-eabi/11.3.1/../../../../arm-none-eabi/lib/thumb/v7e-m+fp/hard\libc_nano.a(libc_a-findfp.o)
                0x000000002000167c                __sf
 .bss.__stdio_exit_handler
                0x00000000200017b4        0x4 O:/STM32CubeIDE_1.13.2/STM32CubeIDE/plugins/com.st.stm32cube.ide.mcu.externaltools.gnu-tools-for-stm32.11.3.rel1.win32_1.1.1.202309131626/tools/bin/../lib/gcc/arm-none-eabi/11.3.1/../../../../arm-none-eabi/lib/thumb/v7e-m+fp/hard\libc_nano.a(libc_a-findfp.o)
                0x00000000200017b4                __stdio_exit_handler
 .bss.errno     0x00000000200017b8        0x4 O:/STM32CubeIDE_1.13.2/STM32CubeIDE/plugins/com.st.stm32cube.ide.mcu.externaltools.gnu-tools-for-stm32.11.3.rel1.win32_1.1.1.202309131626/tools/bin/../lib/gcc/arm-none-eabi/11.3.1/../../../../arm-none-eabi/lib/thumb/v7e-m+fp/hard\libc_nano.a(libc_a-reent.o)
                0x00000000200017b8                errno
 .bss.__lock___malloc_recursive_mutex
                0x00000000200017bc        0x1 O:/STM32CubeIDE_1.13.2/STM32CubeIDE/plugins/com.st.stm32cube.ide.mcu.externaltools.gnu-tools-for-stm32.11.3.rel1.win32_1.1.1.202309131626/tools/bin/../lib/gcc/arm-none-eabi/11.3.1/../../../../arm-none-eabi/lib/thumb/v7e-m+fp/hard\libc_nano.a(libc_a-lock.o)
                0x00000000200017bc                __lock___malloc_recursive_mutex
 .bss.__lock___sfp_recursive_mutex
                0x00000000200017bd        0x1 O:/STM32CubeIDE_1.13.2/STM32CubeIDE/plugins/com.st.stm32cube.ide.mcu.externaltools.gnu-tools-for-stm32.11.3.rel1.win32_1.1.1.202309131626/tools/bin/../lib/gcc/arm-none-eabi/11.3.1/../../../../arm-none-eabi/lib/thumb/v7e-m+fp/hard\libc_nano.a(libc_a-lock.o)
                0x00000000200017bd                __lock___sfp_recursive_mutex
 *fill*         0x00000000200017be        0x2 
 .bss.__malloc_free_list
                0x00000000200017c0        0x4 O:/STM32CubeIDE_1.13.2/STM32CubeIDE/plugins/com.st.stm32cube.ide.mcu.externaltools.gnu-tools-for-stm32.11.3.rel1.win32_1.1.1.202309131626/tools/bin/../lib/gcc/arm-none-eabi/11.3.1/../../../../arm-none-eabi/lib/thumb/v7e-m+fp/hard\libc_nano.a(libc_a-mallocr.o)
                0x00000000200017c0                __malloc_free_list
 .bss.__malloc_sbrk_start
                0x00000000200017c4        0x4 O:/STM32CubeIDE_1.13.2/STM32CubeIDE/plugins/com.st.stm32cube.ide.mcu.externaltools.gnu-tools-for-stm32.11.3.rel1.win32_1.1.1.202309131626/tools/bin/../lib/gcc/arm-none-eabi/11.3.1/../../../../arm-none-eabi/lib/thumb/v7e-m+fp/hard\libc_nano.a(libc_a-mallocr.o)
                0x00000000200017c4                __malloc_sbrk_start
 .bss.heap_end.0
                0x00000000200017c8        0x4 O:/STM32CubeIDE_1.13.2/STM32CubeIDE/plugins/com.st.stm32cube.ide.mcu.externaltools.gnu-tools-for-stm32.11.3.rel1.win32_1.1.1.202309131626/tools/bin/../lib/gcc/arm-none-eabi/11.3.1/../../../../arm-none-eabi/lib/thumb/v7e-m+fp/hard\libnosys.a(sbrk.o)
 *(COMMON)
                0x00000000200017cc                . = ALIGN (0x4)
                0x00000000200017cc                _ebss = .
                0x00000000200017cc                __bss_end__ = _ebss

._user_heap_stack
                0x00000000200017cc      0x604 load address 0x0000000008004650
                0x00000000200017d0                . = ALIGN (0x8)
 *fill*         0x00000000200017cc        0x4 
                0x00000000200017d0                PROVIDE (end = .)
                [!provide]                        PROVIDE (_end = .)
                0x00000000200019d0                . = (. + _Min_Heap_Size)
 *fill*         0x00000000200017d0      0x200 
                0x0000000020001dd0                . = (. + _Min_Stack_Size)
 *fill*         0x00000000200019d0      0x400 
                0x0000000020001dd0                . = ALIGN (0x8)

/DISCARD/
 libc.a(*)
 libm.a(*)
 libgcc.a(*)

.ARM.attributes
                0x0000000000000000       0x30
 *(.ARM.attributes)
 .ARM.attributes
                0x0000000000000000       0x1e O:/STM32CubeIDE_1.13.2/STM32CubeIDE/plugins/com.st.stm32cube.ide.mcu.externaltools.gnu-tools-for-stm32.11.3.rel1.win32_1.1.1.202309131626/tools/bin/../lib/gcc/arm-none-eabi/11.3.1/thumb/v7e-m+fp/hard/crti.o
 .ARM.attributes
                0x000000000000001e       0x34 O:/STM32CubeIDE_1.13.2/STM32CubeIDE/plugins/com.st.stm32cube.ide.mcu.externaltools.gnu-tools-for-stm32.11.3.rel1.win32_1.1.1.202309131626/tools/bin/../lib/gcc/arm-none-eabi/11.3.1/thumb/v7e-m+fp/hard/crtbegin.o
 .ARM.attributes
                0x0000000000000052       0x34 ./Core/Src/main.o
 .ARM.attributes
                0x0000000000000086       0x34 ./Core/Src/stm32f4xx_hal_msp.o
 .ARM.attributes
                0x00000000000000ba       0x34 ./Core/Src/stm32f4xx_hal_timebase_tim.o
 .ARM.attributes
                0x00000000000000ee       0x34 ./Core/Src/stm32f4xx_it.o
 .ARM.attributes
                0x0000000000000122       0x34 ./Core/Src/syscalls.o
 .ARM.attributes
                0x0000000000000156       0x34 ./Core/Src/system_stm32f4xx.o
 .ARM.attributes
                0x000000000000018a       0x21 ./Core/Startup/startup_stm32f411vetx.o
 .ARM.attributes
                0x00000000000001ab       0x34 ./Drivers/STM32F4xx_HAL_Driver/Src/stm32f4xx_hal.o
 .ARM.attributes
                0x00000000000001df       0x34 ./Drivers/STM32F4xx_HAL_Driver/Src/stm32f4xx_hal_cortex.o
 .ARM.attributes
                0x0000000000000213       0x34 ./Drivers/STM32F4xx_HAL_Driver/Src/stm32f4xx_hal_rcc.o
 .ARM.attributes
                0x0000000000000247       0x34 ./Drivers/STM32F4xx_HAL_Driver/Src/stm32f4xx_hal_tim.o
 .ARM.attributes
                0x000000000000027b       0x34 ./Drivers/STM32F4xx_HAL_Driver/Src/stm32f4xx_hal_tim_ex.o
 .ARM.attributes
                0x00000000000002af       0x34 ./ThirdParty/FreeRTOS/list.o
 .ARM.attributes
                0x00000000000002e3       0x34 ./ThirdParty/FreeRTOS/queue.o
 .ARM.attributes
                0x0000000000000317       0x34 ./ThirdParty/FreeRTOS/tasks.o
 .ARM.attributes
                0x000000000000034b       0x34 ./ThirdParty/FreeRTOS/timers.o
 .ARM.attributes
                0x000000000000037f       0x34 ./ThirdParty/FreeRTOS/portable/GCC/ARM_CM4F/port.o
 .ARM.attributes
                0x00000000000003b3       0x34 ./ThirdParty/FreeRTOS/portable/MemMang/heap_4.o
 .ARM.attributes
                0x00000000000003e7       0x34 O:/STM32CubeIDE_1.13.2/STM32CubeIDE/plugins/com.st.stm32cube.ide.mcu.externaltools.gnu-tools-for-stm32.11.3.rel1.win32_1.1.1.202309131626/tools/bin/../lib/gcc/arm-none-eabi/11.3.1/../../../../arm-none-eabi/lib/thumb/v7e-m+fp/hard\libc_nano.a(libc_a-findfp.o)
 .ARM.attributes
                0x000000000000041b       0x34 O:/STM32CubeIDE_1.13.2/STM32CubeIDE/plugins/com.st.stm32cube.ide.mcu.externaltools.gnu-tools-for-stm32.11.3.rel1.win32_1.1.1.202309131626/tools/bin/../lib/gcc/arm-none-eabi/11.3.1/../../../../arm-none-eabi/lib/thumb/v7e-m+fp/hard\libc_nano.a(libc_a-fwalk.o)
 .ARM.attributes
                0x000000000000044f       0x34 O:/STM32CubeIDE_1.13.2/STM32CubeIDE/plugins/com.st.stm32cube.ide.mcu.externaltools.gnu-tools-for-stm32.11.3.rel1.win32_1.1.1.202309131626/tools/bin/../lib/gcc/arm-none-eabi/11.3.1/../../../../arm-none-eabi/lib/thumb/v7e-m+fp/hard\libc_nano.a(libc_a-puts.o)
 .ARM.attributes
                0x0000000000000483       0x34 O:/STM32CubeIDE_1.13.2/STM32CubeIDE/plugins/com.st.stm32cube.ide.mcu.externaltools.gnu-tools-for-stm32.11.3.rel1.win32_1.1.1.202309131626/tools/bin/../lib/gcc/arm-none-eabi/11.3.1/../../../../arm-none-eabi/lib/thumb/v7e-m+fp/hard\libc_nano.a(libc_a-stdio.o)
 .ARM.attributes
                0x00000000000004b7       0x34 O:/STM32CubeIDE_1.13.2/STM32CubeIDE/plugins/com.st.stm32cube.ide.mcu.externaltools.gnu-tools-for-stm32.11.3.rel1.win32_1.1.1.202309131626/tools/bin/../lib/gcc/arm-none-eabi/11.3.1/../../../../arm-none-eabi/lib/thumb/v7e-m+fp/hard\libc_nano.a(libc_a-wbuf.o)
 .ARM.attributes
                0x00000000000004eb       0x34 O:/STM32CubeIDE_1.13.2/STM32CubeIDE/plugins/com.st.stm32cube.ide.mcu.externaltools.gnu-tools-for-stm32.11.3.rel1.win32_1.1.1.202309131626/tools/bin/../lib/gcc/arm-none-eabi/11.3.1/../../../../arm-none-eabi/lib/thumb/v7e-m+fp/hard\libc_nano.a(libc_a-wsetup.o)
 .ARM.attributes
                0x000000000000051f       0x34 O:/STM32CubeIDE_1.13.2/STM32CubeIDE/plugins/com.st.stm32cube.ide.mcu.externaltools.gnu-tools-for-stm32.11.3.rel1.win32_1.1.1.202309131626/tools/bin/../lib/gcc/arm-none-eabi/11.3.1/../../../../arm-none-eabi/lib/thumb/v7e-m+fp/hard\libc_nano.a(libc_a-memset.o)
 .ARM.attributes
                0x0000000000000553       0x34 O:/STM32CubeIDE_1.13.2/STM32CubeIDE/plugins/com.st.stm32cube.ide.mcu.externaltools.gnu-tools-for-stm32.11.3.rel1.win32_1.1.1.202309131626/tools/bin/../lib/gcc/arm-none-eabi/11.3.1/../../../../arm-none-eabi/lib/thumb/v7e-m+fp/hard\libc_nano.a(libc_a-closer.o)
 .ARM.attributes
                0x0000000000000587       0x34 O:/STM32CubeIDE_1.13.2/STM32CubeIDE/plugins/com.st.stm32cube.ide.mcu.externaltools.gnu-tools-for-stm32.11.3.rel1.win32_1.1.1.202309131626/tools/bin/../lib/gcc/arm-none-eabi/11.3.1/../../../../arm-none-eabi/lib/thumb/v7e-m+fp/hard\libc_nano.a(libc_a-reent.o)
 .ARM.attributes
                0x00000000000005bb       0x34 O:/STM32CubeIDE_1.13.2/STM32CubeIDE/plugins/com.st.stm32cube.ide.mcu.externaltools.gnu-tools-for-stm32.11.3.rel1.win32_1.1.1.202309131626/tools/bin/../lib/gcc/arm-none-eabi/11.3.1/../../../../arm-none-eabi/lib/thumb/v7e-m+fp/hard\libc_nano.a(libc_a-impure.o)
 .ARM.attributes
                0x00000000000005ef       0x34 O:/STM32CubeIDE_1.13.2/STM32CubeIDE/plugins/com.st.stm32cube.ide.mcu.externaltools.gnu-tools-for-stm32.11.3.rel1.win32_1.1.1.202309131626/tools/bin/../lib/gcc/arm-none-eabi/11.3.1/../../../../arm-none-eabi/lib/thumb/v7e-m+fp/hard\libc_nano.a(libc_a-lseekr.o)
 .ARM.attributes
                0x0000000000000623       0x34 O:/STM32CubeIDE_1.13.2/STM32CubeIDE/plugins/com.st.stm32cube.ide.mcu.externaltools.gnu-tools-for-stm32.11.3.rel1.win32_1.1.1.202309131626/tools/bin/../lib/gcc/arm-none-eabi/11.3.1/../../../../arm-none-eabi/lib/thumb/v7e-m+fp/hard\libc_nano.a(libc_a-readr.o)
 .ARM.attributes
                0x0000000000000657       0x34 O:/STM32CubeIDE_1.13.2/STM32CubeIDE/plugins/com.st.stm32cube.ide.mcu.externaltools.gnu-tools-for-stm32.11.3.rel1.win32_1.1.1.202309131626/tools/bin/../lib/gcc/arm-none-eabi/11.3.1/../../../../arm-none-eabi/lib/thumb/v7e-m+fp/hard\libc_nano.a(libc_a-writer.o)
 .ARM.attributes
                0x000000000000068b       0x34 O:/STM32CubeIDE_1.13.2/STM32CubeIDE/plugins/com.st.stm32cube.ide.mcu.externaltools.gnu-tools-for-stm32.11.3.rel1.win32_1.1.1.202309131626/tools/bin/../lib/gcc/arm-none-eabi/11.3.1/../../../../arm-none-eabi/lib/thumb/v7e-m+fp/hard\libc_nano.a(libc_a-init.o)
 .ARM.attributes
                0x00000000000006bf       0x34 O:/STM32CubeIDE_1.13.2/STM32CubeIDE/plugins/com.st.stm32cube.ide.mcu.externaltools.gnu-tools-for-stm32.11.3.rel1.win32_1.1.1.202309131626/tools/bin/../lib/gcc/arm-none-eabi/11.3.1/../../../../arm-none-eabi/lib/thumb/v7e-m+fp/hard\libc_nano.a(libc_a-lock.o)
 .ARM.attributes
                0x00000000000006f3       0x34 O:/STM32CubeIDE_1.13.2/STM32CubeIDE/plugins/com.st.stm32cube.ide.mcu.externaltools.gnu-tools-for-stm32.11.3.rel1.win32_1.1.1.202309131626/tools/bin/../lib/gcc/arm-none-eabi/11.3.1/../../../../arm-none-eabi/lib/thumb/v7e-m+fp/hard\libc_nano.a(libc_a-memcpy-stub.o)
 .ARM.attributes
                0x0000000000000727       0x34 O:/STM32CubeIDE_1.13.2/STM32CubeIDE/plugins/com.st.stm32cube.ide.mcu.externaltools.gnu-tools-for-stm32.11.3.rel1.win32_1.1.1.202309131626/tools/bin/../lib/gcc/arm-none-eabi/11.3.1/../../../../arm-none-eabi/lib/thumb/v7e-m+fp/hard\libc_nano.a(libc_a-freer.o)
 .ARM.attributes
                0x000000000000075b       0x34 O:/STM32CubeIDE_1.13.2/STM32CubeIDE/plugins/com.st.stm32cube.ide.mcu.externaltools.gnu-tools-for-stm32.11.3.rel1.win32_1.1.1.202309131626/tools/bin/../lib/gcc/arm-none-eabi/11.3.1/../../../../arm-none-eabi/lib/thumb/v7e-m+fp/hard\libc_nano.a(libc_a-mallocr.o)
 .ARM.attributes
                0x000000000000078f       0x34 O:/STM32CubeIDE_1.13.2/STM32CubeIDE/plugins/com.st.stm32cube.ide.mcu.externaltools.gnu-tools-for-stm32.11.3.rel1.win32_1.1.1.202309131626/tools/bin/../lib/gcc/arm-none-eabi/11.3.1/../../../../arm-none-eabi/lib/thumb/v7e-m+fp/hard\libc_nano.a(libc_a-mlock.o)
 .ARM.attributes
                0x00000000000007c3       0x34 O:/STM32CubeIDE_1.13.2/STM32CubeIDE/plugins/com.st.stm32cube.ide.mcu.externaltools.gnu-tools-for-stm32.11.3.rel1.win32_1.1.1.202309131626/tools/bin/../lib/gcc/arm-none-eabi/11.3.1/../../../../arm-none-eabi/lib/thumb/v7e-m+fp/hard\libc_nano.a(libc_a-fflush.o)
 .ARM.attributes
                0x00000000000007f7       0x34 O:/STM32CubeIDE_1.13.2/STM32CubeIDE/plugins/com.st.stm32cube.ide.mcu.externaltools.gnu-tools-for-stm32.11.3.rel1.win32_1.1.1.202309131626/tools/bin/../lib/gcc/arm-none-eabi/11.3.1/../../../../arm-none-eabi/lib/thumb/v7e-m+fp/hard\libc_nano.a(libc_a-makebuf.o)
 .ARM.attributes
                0x000000000000082b       0x34 O:/STM32CubeIDE_1.13.2/STM32CubeIDE/plugins/com.st.stm32cube.ide.mcu.externaltools.gnu-tools-for-stm32.11.3.rel1.win32_1.1.1.202309131626/tools/bin/../lib/gcc/arm-none-eabi/11.3.1/../../../../arm-none-eabi/lib/thumb/v7e-m+fp/hard\libc_nano.a(libc_a-fstatr.o)
 .ARM.attributes
                0x000000000000085f       0x34 O:/STM32CubeIDE_1.13.2/STM32CubeIDE/plugins/com.st.stm32cube.ide.mcu.externaltools.gnu-tools-for-stm32.11.3.rel1.win32_1.1.1.202309131626/tools/bin/../lib/gcc/arm-none-eabi/11.3.1/../../../../arm-none-eabi/lib/thumb/v7e-m+fp/hard\libc_nano.a(libc_a-isattyr.o)
 .ARM.attributes
                0x0000000000000893       0x34 O:/STM32CubeIDE_1.13.2/STM32CubeIDE/plugins/com.st.stm32cube.ide.mcu.externaltools.gnu-tools-for-stm32.11.3.rel1.win32_1.1.1.202309131626/tools/bin/../lib/gcc/arm-none-eabi/11.3.1/../../../../arm-none-eabi/lib/thumb/v7e-m+fp/hard\libc_nano.a(libc_a-sbrkr.o)
 .ARM.attributes
                0x00000000000008c7       0x1e O:/STM32CubeIDE_1.13.2/STM32CubeIDE/plugins/com.st.stm32cube.ide.mcu.externaltools.gnu-tools-for-stm32.11.3.rel1.win32_1.1.1.202309131626/tools/bin/../lib/gcc/arm-none-eabi/11.3.1/thumb/v7e-m+fp/hard\libgcc.a(_aeabi_uldivmod.o)
 .ARM.attributes
                0x00000000000008e5       0x34 O:/STM32CubeIDE_1.13.2/STM32CubeIDE/plugins/com.st.stm32cube.ide.mcu.externaltools.gnu-tools-for-stm32.11.3.rel1.win32_1.1.1.202309131626/tools/bin/../lib/gcc/arm-none-eabi/11.3.1/thumb/v7e-m+fp/hard\libgcc.a(_udivmoddi4.o)
 .ARM.attributes
                0x0000000000000919       0x1e O:/STM32CubeIDE_1.13.2/STM32CubeIDE/plugins/com.st.stm32cube.ide.mcu.externaltools.gnu-tools-for-stm32.11.3.rel1.win32_1.1.1.202309131626/tools/bin/../lib/gcc/arm-none-eabi/11.3.1/thumb/v7e-m+fp/hard\libgcc.a(_dvmd_tls.o)
 .ARM.attributes
                0x0000000000000937       0x34 O:/STM32CubeIDE_1.13.2/STM32CubeIDE/plugins/com.st.stm32cube.ide.mcu.externaltools.gnu-tools-for-stm32.11.3.rel1.win32_1.1.1.202309131626/tools/bin/../lib/gcc/arm-none-eabi/11.3.1/../../../../arm-none-eabi/lib/thumb/v7e-m+fp/hard\libnosys.a(sbrk.o)
 .ARM.attributes
                0x000000000000096b       0x1e O:/STM32CubeIDE_1.13.2/STM32CubeIDE/plugins/com.st.stm32cube.ide.mcu.externaltools.gnu-tools-for-stm32.11.3.rel1.win32_1.1.1.202309131626/tools/bin/../lib/gcc/arm-none-eabi/11.3.1/thumb/v7e-m+fp/hard/crtn.o
OUTPUT(F411.elf elf32-littlearm)
LOAD linker stubs
LOAD O:/STM32CubeIDE_1.13.2/STM32CubeIDE/plugins/com.st.stm32cube.ide.mcu.externaltools.gnu-tools-for-stm32.11.3.rel1.win32_1.1.1.202309131626/tools/bin/../lib/gcc/arm-none-eabi/11.3.1/../../../../arm-none-eabi/lib/thumb/v7e-m+fp/hard\libc.a
LOAD O:/STM32CubeIDE_1.13.2/STM32CubeIDE/plugins/com.st.stm32cube.ide.mcu.externaltools.gnu-tools-for-stm32.11.3.rel1.win32_1.1.1.202309131626/tools/bin/../lib/gcc/arm-none-eabi/11.3.1/../../../../arm-none-eabi/lib/thumb/v7e-m+fp/hard\libm.a
LOAD O:/STM32CubeIDE_1.13.2/STM32CubeIDE/plugins/com.st.stm32cube.ide.mcu.externaltools.gnu-tools-for-stm32.11.3.rel1.win32_1.1.1.202309131626/tools/bin/../lib/gcc/arm-none-eabi/11.3.1/thumb/v7e-m+fp/hard\libgcc.a

.comment        0x0000000000000000       0x43
 .comment       0x0000000000000000       0x43 O:/STM32CubeIDE_1.13.2/STM32CubeIDE/plugins/com.st.stm32cube.ide.mcu.externaltools.gnu-tools-for-stm32.11.3.rel1.win32_1.1.1.202309131626/tools/bin/../lib/gcc/arm-none-eabi/11.3.1/thumb/v7e-m+fp/hard/crtbegin.o
                                         0x44 (size before relaxing)
 .comment       0x0000000000000043       0x44 ./Core/Src/main.o
 .comment       0x0000000000000043       0x44 ./Core/Src/stm32f4xx_hal_msp.o
 .comment       0x0000000000000043       0x44 ./Core/Src/stm32f4xx_hal_timebase_tim.o
 .comment       0x0000000000000043       0x44 ./Core/Src/stm32f4xx_it.o
 .comment       0x0000000000000043       0x44 ./Core/Src/syscalls.o
 .comment       0x0000000000000043       0x44 ./Core/Src/system_stm32f4xx.o
 .comment       0x0000000000000043       0x44 ./Drivers/STM32F4xx_HAL_Driver/Src/stm32f4xx_hal.o
 .comment       0x0000000000000043       0x44 ./Drivers/STM32F4xx_HAL_Driver/Src/stm32f4xx_hal_cortex.o
 .comment       0x0000000000000043       0x44 ./Drivers/STM32F4xx_HAL_Driver/Src/stm32f4xx_hal_rcc.o
 .comment       0x0000000000000043       0x44 ./Drivers/STM32F4xx_HAL_Driver/Src/stm32f4xx_hal_tim.o
 .comment       0x0000000000000043       0x44 ./Drivers/STM32F4xx_HAL_Driver/Src/stm32f4xx_hal_tim_ex.o
 .comment       0x0000000000000043       0x44 ./ThirdParty/FreeRTOS/list.o
 .comment       0x0000000000000043       0x44 ./ThirdParty/FreeRTOS/queue.o
 .comment       0x0000000000000043       0x44 ./ThirdParty/FreeRTOS/tasks.o
 .comment       0x0000000000000043       0x44 ./ThirdParty/FreeRTOS/timers.o
 .comment       0x0000000000000043       0x44 ./ThirdParty/FreeRTOS/portable/GCC/ARM_CM4F/port.o
 .comment       0x0000000000000043       0x44 ./ThirdParty/FreeRTOS/portable/MemMang/heap_4.o

.debug_info     0x0000000000000000     0xe0d2
 .debug_info    0x0000000000000000      0xc81 ./Core/Src/main.o
 .debug_info    0x0000000000000c81      0x291 ./Core/Src/stm32f4xx_hal_msp.o
 .debug_info    0x0000000000000f12      0xb75 ./Core/Src/stm32f4xx_hal_timebase_tim.o
 .debug_info    0x0000000000001a87      0x6a4 ./Core/Src/stm32f4xx_it.o
 .debug_info    0x000000000000212b      0x6d1 ./Core/Src/syscalls.o
 .debug_info    0x00000000000027fc      0x53e ./Core/Src/system_stm32f4xx.o
 .debug_info    0x0000000000002d3a       0x23 ./Core/Startup/startup_stm32f411vetx.o
 .debug_info    0x0000000000002d5d      0x8c4 ./Drivers/STM32F4xx_HAL_Driver/Src/stm32f4xx_hal.o
 .debug_info    0x0000000000003621      0xcb6 ./Drivers/STM32F4xx_HAL_Driver/Src/stm32f4xx_hal_cortex.o
 .debug_info    0x00000000000042d7      0x8f2 ./Drivers/STM32F4xx_HAL_Driver/Src/stm32f4xx_hal_rcc.o
 .debug_info    0x0000000000004bc9     0x2941 ./Drivers/STM32F4xx_HAL_Driver/Src/stm32f4xx_hal_tim.o
 .debug_info    0x000000000000750a     0x14a7 ./Drivers/STM32F4xx_HAL_Driver/Src/stm32f4xx_hal_tim_ex.o
 .debug_info    0x00000000000089b1      0x2af ./ThirdParty/FreeRTOS/list.o
 .debug_info    0x0000000000008c60     0x184f ./ThirdParty/FreeRTOS/queue.o
 .debug_info    0x000000000000a4af     0x2401 ./ThirdParty/FreeRTOS/tasks.o
 .debug_info    0x000000000000c8b0      0xe20 ./ThirdParty/FreeRTOS/timers.o
 .debug_info    0x000000000000d6d0      0x4e1 ./ThirdParty/FreeRTOS/portable/GCC/ARM_CM4F/port.o
 .debug_info    0x000000000000dbb1      0x521 ./ThirdParty/FreeRTOS/portable/MemMang/heap_4.o

.debug_abbrev   0x0000000000000000     0x265d
 .debug_abbrev  0x0000000000000000      0x2c6 ./Core/Src/main.o
 .debug_abbrev  0x00000000000002c6       0xd8 ./Core/Src/stm32f4xx_hal_msp.o
 .debug_abbrev  0x000000000000039e      0x207 ./Core/Src/stm32f4xx_hal_timebase_tim.o
 .debug_abbrev  0x00000000000005a5      0x190 ./Core/Src/stm32f4xx_it.o
 .debug_abbrev  0x0000000000000735      0x1b1 ./Core/Src/syscalls.o
 .debug_abbrev  0x00000000000008e6      0x11a ./Core/Src/system_stm32f4xx.o
 .debug_abbrev  0x0000000000000a00       0x12 ./Core/Startup/startup_stm32f411vetx.o
 .debug_abbrev  0x0000000000000a12      0x24b ./Drivers/STM32F4xx_HAL_Driver/Src/stm32f4xx_hal.o
 .debug_abbrev  0x0000000000000c5d      0x327 ./Drivers/STM32F4xx_HAL_Driver/Src/stm32f4xx_hal_cortex.o
 .debug_abbrev  0x0000000000000f84      0x2b5 ./Drivers/STM32F4xx_HAL_Driver/Src/stm32f4xx_hal_rcc.o
 .debug_abbrev  0x0000000000001239      0x284 ./Drivers/STM32F4xx_HAL_Driver/Src/stm32f4xx_hal_tim.o
 .debug_abbrev  0x00000000000014bd      0x28f ./Drivers/STM32F4xx_HAL_Driver/Src/stm32f4xx_hal_tim_ex.o
 .debug_abbrev  0x000000000000174c       0xf5 ./ThirdParty/FreeRTOS/list.o
 .debug_abbrev  0x0000000000001841      0x323 ./ThirdParty/FreeRTOS/queue.o
 .debug_abbrev  0x0000000000001b64      0x37e ./ThirdParty/FreeRTOS/tasks.o
 .debug_abbrev  0x0000000000001ee2      0x2cb ./ThirdParty/FreeRTOS/timers.o
 .debug_abbrev  0x00000000000021ad      0x25a ./ThirdParty/FreeRTOS/portable/GCC/ARM_CM4F/port.o
 .debug_abbrev  0x0000000000002407      0x256 ./ThirdParty/FreeRTOS/portable/MemMang/heap_4.o

.debug_aranges  0x0000000000000000      0xee8
 .debug_aranges
                0x0000000000000000       0x50 ./Core/Src/main.o
 .debug_aranges
                0x0000000000000050       0x20 ./Core/Src/stm32f4xx_hal_msp.o
 .debug_aranges
                0x0000000000000070       0x30 ./Core/Src/stm32f4xx_hal_timebase_tim.o
 .debug_aranges
                0x00000000000000a0       0x50 ./Core/Src/stm32f4xx_it.o
 .debug_aranges
                0x00000000000000f0       0xb0 ./Core/Src/syscalls.o
 .debug_aranges
                0x00000000000001a0       0x28 ./Core/Src/system_stm32f4xx.o
 .debug_aranges
                0x00000000000001c8       0x28 ./Core/Startup/startup_stm32f411vetx.o
 .debug_aranges
                0x00000000000001f0       0xf0 ./Drivers/STM32F4xx_HAL_Driver/Src/stm32f4xx_hal.o
 .debug_aranges
                0x00000000000002e0      0x118 ./Drivers/STM32F4xx_HAL_Driver/Src/stm32f4xx_hal_cortex.o
 .debug_aranges
                0x00000000000003f8       0x88 ./Drivers/STM32F4xx_HAL_Driver/Src/stm32f4xx_hal_rcc.o
 .debug_aranges
                0x0000000000000480      0x3d0 ./Drivers/STM32F4xx_HAL_Driver/Src/stm32f4xx_hal_tim.o
 .debug_aranges
                0x0000000000000850      0x168 ./Drivers/STM32F4xx_HAL_Driver/Src/stm32f4xx_hal_tim_ex.o
 .debug_aranges
                0x00000000000009b8       0x40 ./ThirdParty/FreeRTOS/list.o
 .debug_aranges
                0x00000000000009f8      0x130 ./ThirdParty/FreeRTOS/queue.o
 .debug_aranges
                0x0000000000000b28      0x1f8 ./ThirdParty/FreeRTOS/tasks.o
 .debug_aranges
                0x0000000000000d20       0xe8 ./ThirdParty/FreeRTOS/timers.o
 .debug_aranges
                0x0000000000000e08       0x80 ./ThirdParty/FreeRTOS/portable/GCC/ARM_CM4F/port.o
 .debug_aranges
                0x0000000000000e88       0x60 ./ThirdParty/FreeRTOS/portable/MemMang/heap_4.o

.debug_rnglists
                0x0000000000000000      0xb75
 .debug_rnglists
                0x0000000000000000       0x39 ./Core/Src/main.o
 .debug_rnglists
                0x0000000000000039       0x13 ./Core/Src/stm32f4xx_hal_msp.o
 .debug_rnglists
                0x000000000000004c       0x20 ./Core/Src/stm32f4xx_hal_timebase_tim.o
 .debug_rnglists
                0x000000000000006c       0x37 ./Core/Src/stm32f4xx_it.o
 .debug_rnglists
                0x00000000000000a3       0x7f ./Core/Src/syscalls.o
 .debug_rnglists
                0x0000000000000122       0x1a ./Core/Src/system_stm32f4xx.o
 .debug_rnglists
                0x000000000000013c       0x19 ./Core/Startup/startup_stm32f411vetx.o
 .debug_rnglists
                0x0000000000000155       0xaf ./Drivers/STM32F4xx_HAL_Driver/Src/stm32f4xx_hal.o
 .debug_rnglists
                0x0000000000000204       0xce ./Drivers/STM32F4xx_HAL_Driver/Src/stm32f4xx_hal_cortex.o
 .debug_rnglists
                0x00000000000002d2       0x66 ./Drivers/STM32F4xx_HAL_Driver/Src/stm32f4xx_hal_rcc.o
 .debug_rnglists
                0x0000000000000338      0x31a ./Drivers/STM32F4xx_HAL_Driver/Src/stm32f4xx_hal_tim.o
 .debug_rnglists
                0x0000000000000652      0x125 ./Drivers/STM32F4xx_HAL_Driver/Src/stm32f4xx_hal_tim_ex.o
 .debug_rnglists
                0x0000000000000777       0x2b ./ThirdParty/FreeRTOS/list.o
 .debug_rnglists
                0x00000000000007a2       0xec ./ThirdParty/FreeRTOS/queue.o
 .debug_rnglists
                0x000000000000088e      0x195 ./ThirdParty/FreeRTOS/tasks.o
 .debug_rnglists
                0x0000000000000a23       0xad ./ThirdParty/FreeRTOS/timers.o
 .debug_rnglists
                0x0000000000000ad0       0x5d ./ThirdParty/FreeRTOS/portable/GCC/ARM_CM4F/port.o
 .debug_rnglists
                0x0000000000000b2d       0x48 ./ThirdParty/FreeRTOS/portable/MemMang/heap_4.o

.debug_macro    0x0000000000000000    0x17fcd
 .debug_macro   0x0000000000000000      0x313 ./Core/Src/main.o
 .debug_macro   0x0000000000000313      0xaa8 ./Core/Src/main.o
 .debug_macro   0x0000000000000dbb      0x295 ./Core/Src/main.o
 .debug_macro   0x0000000000001050       0x2e ./Core/Src/main.o
 .debug_macro   0x000000000000107e       0x28 ./Core/Src/main.o
 .debug_macro   0x00000000000010a6       0x22 ./Core/Src/main.o
 .debug_macro   0x00000000000010c8       0x8e ./Core/Src/main.o
 .debug_macro   0x0000000000001156       0x51 ./Core/Src/main.o
 .debug_macro   0x00000000000011a7      0x103 ./Core/Src/main.o
 .debug_macro   0x00000000000012aa       0x6a ./Core/Src/main.o
 .debug_macro   0x0000000000001314      0x1df ./Core/Src/main.o
 .debug_macro   0x00000000000014f3       0x1c ./Core/Src/main.o
 .debug_macro   0x000000000000150f       0x22 ./Core/Src/main.o
 .debug_macro   0x0000000000001531       0xd9 ./Core/Src/main.o
 .debug_macro   0x000000000000160a     0x102d ./Core/Src/main.o
 .debug_macro   0x0000000000002637      0x11f ./Core/Src/main.o
 .debug_macro   0x0000000000002756     0xb953 ./Core/Src/main.o
 .debug_macro   0x000000000000e0a9       0x6d ./Core/Src/main.o
 .debug_macro   0x000000000000e116     0x367e ./Core/Src/main.o
 .debug_macro   0x0000000000011794      0x174 ./Core/Src/main.o
 .debug_macro   0x0000000000011908       0x5c ./Core/Src/main.o
 .debug_macro   0x0000000000011964      0x447 ./Core/Src/main.o
 .debug_macro   0x0000000000011dab      0x9fe ./Core/Src/main.o
 .debug_macro   0x00000000000127a9      0x115 ./Core/Src/main.o
 .debug_macro   0x00000000000128be      0x11b ./Core/Src/main.o
 .debug_macro   0x00000000000129d9       0xa5 ./Core/Src/main.o
 .debug_macro   0x0000000000012a7e      0x15f ./Core/Src/main.o
 .debug_macro   0x0000000000012bdd      0x287 ./Core/Src/main.o
 .debug_macro   0x0000000000012e64       0x5f ./Core/Src/main.o
 .debug_macro   0x0000000000012ec3      0x236 ./Core/Src/main.o
 .debug_macro   0x00000000000130f9      0x132 ./Core/Src/main.o
 .debug_macro   0x000000000001322b      0x264 ./Core/Src/main.o
 .debug_macro   0x000000000001348f       0x2e ./Core/Src/main.o
 .debug_macro   0x00000000000134bd      0x11a ./Core/Src/main.o
 .debug_macro   0x00000000000135d7       0x85 ./Core/Src/main.o
 .debug_macro   0x000000000001365c       0x89 ./Core/Src/main.o
 .debug_macro   0x00000000000136e5      0x8e6 ./Core/Src/main.o
 .debug_macro   0x0000000000013fcb       0x47 ./Core/Src/main.o
 .debug_macro   0x0000000000014012      0x126 ./Core/Src/main.o
 .debug_macro   0x0000000000014138       0xfa ./Core/Src/main.o
 .debug_macro   0x0000000000014232      0x15a ./Core/Src/main.o
 .debug_macro   0x000000000001438c       0xea ./Core/Src/main.o
 .debug_macro   0x0000000000014476       0x28 ./Core/Src/main.o
 .debug_macro   0x000000000001449e       0x1f ./Core/Src/main.o
 .debug_macro   0x00000000000144bd       0x12 ./Core/Src/main.o
 .debug_macro   0x00000000000144cf      0x52d ./Core/Src/main.o
 .debug_macro   0x00000000000149fc       0xc3 ./Core/Src/main.o
 .debug_macro   0x0000000000014abf      0x120 ./Core/Src/main.o
 .debug_macro   0x0000000000014bdf       0x61 ./Core/Src/main.o
 .debug_macro   0x0000000000014c40       0x2a ./Core/Src/main.o
 .debug_macro   0x0000000000014c6a       0x43 ./Core/Src/main.o
 .debug_macro   0x0000000000014cad       0x34 ./Core/Src/main.o
 .debug_macro   0x0000000000014ce1       0x16 ./Core/Src/main.o
 .debug_macro   0x0000000000014cf7       0x35 ./Core/Src/main.o
 .debug_macro   0x0000000000014d2c      0x369 ./Core/Src/main.o
 .debug_macro   0x0000000000015095       0x10 ./Core/Src/main.o
 .debug_macro   0x00000000000150a5       0x16 ./Core/Src/main.o
 .debug_macro   0x00000000000150bb       0x43 ./Core/Src/main.o
 .debug_macro   0x00000000000150fe       0x34 ./Core/Src/main.o
 .debug_macro   0x0000000000015132       0x10 ./Core/Src/main.o
 .debug_macro   0x0000000000015142       0x58 ./Core/Src/main.o
 .debug_macro   0x000000000001519a       0x8e ./Core/Src/main.o
 .debug_macro   0x0000000000015228       0x1c ./Core/Src/main.o
 .debug_macro   0x0000000000015244      0x177 ./Core/Src/main.o
 .debug_macro   0x00000000000153bb       0x16 ./Core/Src/main.o
 .debug_macro   0x00000000000153d1       0x16 ./Core/Src/main.o
 .debug_macro   0x00000000000153e7      0x147 ./Core/Src/main.o
 .debug_macro   0x000000000001552e      0x1ce ./Core/Src/stm32f4xx_hal_msp.o
 .debug_macro   0x00000000000156fc      0x1c4 ./Core/Src/stm32f4xx_hal_timebase_tim.o
 .debug_macro   0x00000000000158c0      0x1d8 ./Core/Src/stm32f4xx_it.o
 .debug_macro   0x0000000000015a98      0x286 ./Core/Src/syscalls.o
 .debug_macro   0x0000000000015d1e       0x5b ./Core/Src/syscalls.o
 .debug_macro   0x0000000000015d79       0x94 ./Core/Src/syscalls.o
 .debug_macro   0x0000000000015e0d       0x57 ./Core/Src/syscalls.o
 .debug_macro   0x0000000000015e64       0x10 ./Core/Src/syscalls.o
 .debug_macro   0x0000000000015e74       0x10 ./Core/Src/syscalls.o
 .debug_macro   0x0000000000015e84       0x10 ./Core/Src/syscalls.o
 .debug_macro   0x0000000000015e94       0x10 ./Core/Src/syscalls.o
 .debug_macro   0x0000000000015ea4       0x1c ./Core/Src/syscalls.o
 .debug_macro   0x0000000000015ec0       0x52 ./Core/Src/syscalls.o
 .debug_macro   0x0000000000015f12       0x22 ./Core/Src/syscalls.o
 .debug_macro   0x0000000000015f34       0x10 ./Core/Src/syscalls.o
 .debug_macro   0x0000000000015f44       0x52 ./Core/Src/syscalls.o
 .debug_macro   0x0000000000015f96       0xcf ./Core/Src/syscalls.o
 .debug_macro   0x0000000000016065       0x1c ./Core/Src/syscalls.o
 .debug_macro   0x0000000000016081       0x3d ./Core/Src/syscalls.o
 .debug_macro   0x00000000000160be       0x35 ./Core/Src/syscalls.o
 .debug_macro   0x00000000000160f3      0x12c ./Core/Src/syscalls.o
 .debug_macro   0x000000000001621f       0x16 ./Core/Src/syscalls.o
 .debug_macro   0x0000000000016235       0x16 ./Core/Src/syscalls.o
 .debug_macro   0x000000000001624b       0x29 ./Core/Src/syscalls.o
 .debug_macro   0x0000000000016274       0x10 ./Core/Src/syscalls.o
 .debug_macro   0x0000000000016284      0x242 ./Core/Src/syscalls.o
 .debug_macro   0x00000000000164c6       0x1c ./Core/Src/syscalls.o
 .debug_macro   0x00000000000164e2       0x10 ./Core/Src/syscalls.o
 .debug_macro   0x00000000000164f2      0x18a ./Core/Src/syscalls.o
 .debug_macro   0x000000000001667c       0x16 ./Core/Src/syscalls.o
 .debug_macro   0x0000000000016692       0xce ./Core/Src/syscalls.o
 .debug_macro   0x0000000000016760      0x1c4 ./Core/Src/system_stm32f4xx.o
 .debug_macro   0x0000000000016924      0x224 ./Drivers/STM32F4xx_HAL_Driver/Src/stm32f4xx_hal.o
 .debug_macro   0x0000000000016b48      0x1c4 ./Drivers/STM32F4xx_HAL_Driver/Src/stm32f4xx_hal_cortex.o
 .debug_macro   0x0000000000016d0c      0x1e8 ./Drivers/STM32F4xx_HAL_Driver/Src/stm32f4xx_hal_rcc.o
 .debug_macro   0x0000000000016ef4      0x1c5 ./Drivers/STM32F4xx_HAL_Driver/Src/stm32f4xx_hal_tim.o
 .debug_macro   0x00000000000170b9      0x1c4 ./Drivers/STM32F4xx_HAL_Driver/Src/stm32f4xx_hal_tim_ex.o
 .debug_macro   0x000000000001727d      0x198 ./ThirdParty/FreeRTOS/list.o
 .debug_macro   0x0000000000017415      0x22f ./ThirdParty/FreeRTOS/queue.o
 .debug_macro   0x0000000000017644       0x16 ./ThirdParty/FreeRTOS/queue.o
 .debug_macro   0x000000000001765a       0x20 ./ThirdParty/FreeRTOS/queue.o
 .debug_macro   0x000000000001767a       0x80 ./ThirdParty/FreeRTOS/queue.o
 .debug_macro   0x00000000000176fa      0x27e ./ThirdParty/FreeRTOS/tasks.o
 .debug_macro   0x0000000000017978       0x17 ./ThirdParty/FreeRTOS/tasks.o
 .debug_macro   0x000000000001798f      0x1e7 ./ThirdParty/FreeRTOS/timers.o
 .debug_macro   0x0000000000017b76       0x97 ./ThirdParty/FreeRTOS/timers.o
 .debug_macro   0x0000000000017c0d      0x1a7 ./ThirdParty/FreeRTOS/portable/GCC/ARM_CM4F/port.o
 .debug_macro   0x0000000000017db4      0x219 ./ThirdParty/FreeRTOS/portable/MemMang/heap_4.o

.debug_line     0x0000000000000000     0xff0d
 .debug_line    0x0000000000000000      0xa9e ./Core/Src/main.o
 .debug_line    0x0000000000000a9e      0x723 ./Core/Src/stm32f4xx_hal_msp.o
 .debug_line    0x00000000000011c1      0x790 ./Core/Src/stm32f4xx_hal_timebase_tim.o
 .debug_line    0x0000000000001951      0x7bf ./Core/Src/stm32f4xx_it.o
 .debug_line    0x0000000000002110      0x8ce ./Core/Src/syscalls.o
 .debug_line    0x00000000000029de      0x7a4 ./Core/Src/system_stm32f4xx.o
 .debug_line    0x0000000000003182       0x7a ./Core/Startup/startup_stm32f411vetx.o
 .debug_line    0x00000000000031fc      0xa0a ./Drivers/STM32F4xx_HAL_Driver/Src/stm32f4xx_hal.o
 .debug_line    0x0000000000003c06      0xcb9 ./Drivers/STM32F4xx_HAL_Driver/Src/stm32f4xx_hal_cortex.o
 .debug_line    0x00000000000048bf      0xd81 ./Drivers/STM32F4xx_HAL_Driver/Src/stm32f4xx_hal_rcc.o
 .debug_line    0x0000000000005640     0x34d0 ./Drivers/STM32F4xx_HAL_Driver/Src/stm32f4xx_hal_tim.o
 .debug_line    0x0000000000008b10     0x19a2 ./Drivers/STM32F4xx_HAL_Driver/Src/stm32f4xx_hal_tim_ex.o
 .debug_line    0x000000000000a4b2      0x77f ./ThirdParty/FreeRTOS/list.o
 .debug_line    0x000000000000ac31     0x1667 ./ThirdParty/FreeRTOS/queue.o
 .debug_line    0x000000000000c298     0x1d7b ./ThirdParty/FreeRTOS/tasks.o
 .debug_line    0x000000000000e013      0xc9f ./ThirdParty/FreeRTOS/timers.o
 .debug_line    0x000000000000ecb2      0x85b ./ThirdParty/FreeRTOS/portable/GCC/ARM_CM4F/port.o
 .debug_line    0x000000000000f50d      0xa00 ./ThirdParty/FreeRTOS/portable/MemMang/heap_4.o

.debug_str      0x0000000000000000    0x960fc
 .debug_str     0x0000000000000000    0x8d826 ./Core/Src/main.o
                                      0x8db9c (size before relaxing)
 .debug_str     0x000000000008d826       0x2c ./Core/Src/stm32f4xx_hal_msp.o
                                      0x84cbc (size before relaxing)
 .debug_str     0x000000000008d852      0x4b5 ./Core/Src/stm32f4xx_hal_timebase_tim.o
                                      0x856fb (size before relaxing)
 .debug_str     0x000000000008dd07       0xbe ./Core/Src/stm32f4xx_it.o
                                      0x85160 (size before relaxing)
 .debug_str     0x000000000008ddc5     0x2001 ./Core/Src/syscalls.o
                                       0x9931 (size before relaxing)
 .debug_str     0x000000000008fdc6       0xdb ./Core/Src/system_stm32f4xx.o
                                      0x84d6c (size before relaxing)
 .debug_str     0x000000000008fea1       0x34 ./Core/Startup/startup_stm32f411vetx.o
                                         0x4c (size before relaxing)
 .debug_str     0x000000000008fed5      0x5ce ./Drivers/STM32F4xx_HAL_Driver/Src/stm32f4xx_hal.o
                                      0x85798 (size before relaxing)
 .debug_str     0x00000000000904a3      0x33a ./Drivers/STM32F4xx_HAL_Driver/Src/stm32f4xx_hal_cortex.o
                                      0x854b9 (size before relaxing)
 .debug_str     0x00000000000907dd      0x273 ./Drivers/STM32F4xx_HAL_Driver/Src/stm32f4xx_hal_rcc.o
                                      0x851a0 (size before relaxing)
 .debug_str     0x0000000000090a50      0xe69 ./Drivers/STM32F4xx_HAL_Driver/Src/stm32f4xx_hal_tim.o
                                      0x860d4 (size before relaxing)
 .debug_str     0x00000000000918b9      0x503 ./Drivers/STM32F4xx_HAL_Driver/Src/stm32f4xx_hal_tim_ex.o
                                      0x858f0 (size before relaxing)
 .debug_str     0x0000000000091dbc      0x183 ./ThirdParty/FreeRTOS/list.o
                                       0xb0a9 (size before relaxing)
 .debug_str     0x0000000000091f3f     0x141e ./ThirdParty/FreeRTOS/queue.o
                                       0xd792 (size before relaxing)
 .debug_str     0x000000000009335d     0x1aae ./ThirdParty/FreeRTOS/tasks.o
                                       0xe1a4 (size before relaxing)
 .debug_str     0x0000000000094e0b      0x544 ./ThirdParty/FreeRTOS/timers.o